******************************************************************************
             TMS320C2000 Linker PC v25.11.1                    
******************************************************************************
>> Linked Thu Jul 16 15:04:34 2026

OUTPUT FILE NAME:   <led_ex1_blinky.out>
ENTRY POINT SYMBOL: "code_start"  address: 00080000


MEMORY CONFIGURATION

         name            origin    length      used     unused   attr    fill
----------------------  --------  ---------  --------  --------  ----  --------
  RAMM0                 00000128   000002d8  00000000  000002d8  RWIX
  RAMM1                 00000400   000003f8  00000200  000001f8  RWIX
  RAMLS4                0000a000   00000800  00000000  00000800  RWIX
  RAMLS5                0000a800   00000800  0000000a  000007f6  RWIX
  RAMLS6                0000b000   00000800  00000000  00000800  RWIX
  RAMLS7                0000b800   00000800  00000000  00000800  RWIX
  RAMGS0                0000c000   000007f8  00000000  000007f8  RWIX
  FLASH_BANK0_SEC0      00080000   00001000  00000002  00000ffe  RWIX
  FLASH_BANK0_SEC1      00081000   00001000  00000135  00000ecb  RWIX
  FLASH_BANK0_SEC2      00082000   00001000  00000a72  0000058e  RWIX
  FLASH_BANK0_SEC3      00083000   00001000  00000000  00001000  RWIX
  FLASH_BANK0_SEC4      00084000   00001000  0000029d  00000d63  RWIX
  FLASH_BANK0_SEC5      00085000   00001000  00000000  00001000  RWIX
  FLASH_BANK0_SEC6      00086000   00001000  00000000  00001000  RWIX
  FLASH_BANK0_SEC7      00087000   00001000  00000000  00001000  RWIX
  FLASH_BANK0_SEC8      00088000   00001000  00000000  00001000  RWIX
  FLASH_BANK0_SEC9      00089000   00001000  00000000  00001000  RWIX
  FLASH_BANK0_SEC10     0008a000   00001000  00000000  00001000  RWIX
  FLASH_BANK0_SEC11     0008b000   00001000  00000000  00001000  RWIX
  FLASH_BANK0_SEC12     0008c000   00001000  00000000  00001000  RWIX
  FLASH_BANK0_SEC13     0008d000   00001000  00000000  00001000  RWIX
  FLASH_BANK0_SEC14     0008e000   00001000  00000000  00001000  RWIX
  FLASH_BANK0_SEC15     0008f000   00000ff0  00000000  00000ff0  RWIX
  RESET                 003fffc0   00000002  00000000  00000002  RWIX


SECTION ALLOCATION MAP

 output                                  attributes/
section   page    origin      length       input sections
--------  ----  ----------  ----------   ----------------
.reset     0    003fffc0    00000000     DSECT

.stack     0    00000400    00000200     UNINITIALIZED
                  00000400    00000200     --HOLE--

codestart 
*          0    00080000    00000002     
                  00080000    00000002     f28002x_codestartbranch.obj (codestart)

.TI.ramfunc 
*          0    00081000    00000123     
                  00081000    0000003f     driverlib.lib : flash.obj (.TI.ramfunc:Flash_initModule)
                  0008103f    0000002c                   : flash.obj (.TI.ramfunc:Flash_setBankPowerMode)
                  0008106b    00000023                   : flash.obj (.TI.ramfunc:Flash_setWaitstates)
                  0008108e    0000001d                   : flash.obj (.TI.ramfunc:Flash_setPumpPowerMode)
                  000810ab    00000018                   : flash.obj (.TI.ramfunc:Flash_disableCache)
                  000810c3    00000018                   : flash.obj (.TI.ramfunc:Flash_disablePrefetch)
                  000810db    00000017                   : flash.obj (.TI.ramfunc:Flash_enableCache)
                  000810f2    00000017                   : flash.obj (.TI.ramfunc:Flash_enablePrefetch)
                  00081109    00000016                   : flash.obj (.TI.ramfunc:Flash_enableECC)
                  0008111f    00000004                   : sysctl.obj (.TI.ramfunc)

.data      0    0000a800    0000000a     UNINITIALIZED
                  0000a800    00000006     rts2800_fpu32_eabi.lib : exit.c.obj (.data)
                  0000a806    00000002                            : _lock.c.obj (.data:_lock)
                  0000a808    00000002                            : _lock.c.obj (.data:_unlock)

.cinit     0    00081128    00000012     
                  00081128    00000009     (.cinit..data.load) [load image, compression = lzss]
                  00081131    00000001     --HOLE-- [fill = 0]
                  00081132    00000004     (__TI_handler_table)
                  00081136    00000004     (__TI_cinit_table)

.init_array 
*          0    00081000    00000000     UNINITIALIZED

.const     0    00084000    0000029d     
                  00084000    0000009b     driverlib.lib : flash.obj (.const:.string)
                  0008409b    00000001     --HOLE-- [fill = 0]
                  0008409c    0000009a                   : sysctl.obj (.const:.string)
                  00084136    00000098                   : gpio.obj (.const:.string)
                  000841ce    00000090     device.obj (.const:.string)
                  0008425e    0000003f     led_ex1_blinky.obj (.const:.string)

.text      0    00082000    00000a72     
                  00082000    00000123     driverlib.lib : sysctl.obj (.text:SysCtl_setClock)
                  00082123    000000fe                   : sysctl.obj (.text:SysCtl_isPLLValid)
                  00082221    00000088     rts2800_fpu32_eabi.lib : fs_div28.asm.obj (.text)
                  000822a9    00000073     driverlib.lib : sysctl.obj (.text:DCC_setCounterSeeds)
                  0008231c    00000065                   : sysctl.obj (.text:SysCtl_getClock)
                  00082381    00000052                   : gpio.obj (.text:GPIO_setPadConfig)
                  000823d3    00000049     device.obj (.text:Device_init)
                  0008241c    00000047     driverlib.lib : sysctl.obj (.text:SysCtl_selectOscSource)
                  00082463    00000046                   : sysctl.obj (.text:SysCtl_selectXTAL)
                  000824a9    00000040     led_ex1_blinky.obj (.text:EPWM_setActionQualifierAction)
                  000824e9    00000040     driverlib.lib : sysctl.obj (.text:SysCtl_pollX1Counter)
                  00082529    0000003d                   : interrupt.obj (.text:Interrupt_initModule)
                  00082566    00000037                   : gpio.obj (.text:GPIO_setPinConfig)
                  0008259d    00000037     led_ex1_blinky.obj (.text:initEPWM1)
                  000825d4    00000031     driverlib.lib : gpio.obj (.text:GPIO_setDirectionMode)
                  00082605    0000002e     rts2800_fpu32_eabi.lib : copy_decompress_lzss.c.obj (.text:decompress:lzss)
                  00082633    0000002b                            : autoinit.c.obj (.text:__TI_auto_init_nobinit_nopinit)
                  0008265e    00000029                            : exit.c.obj (.text)
                  00082687    00000027     device.obj (.text:CAN_selectClockSource)
                  000826ae    00000027     led_ex1_blinky.obj (.text:EPWM_isBaseValid)
                  000826d5    00000025     driverlib.lib : sysctl.obj (.text:SysCtl_selectXTALSingleEnded)
                  000826fa    00000024                   : sysctl.obj (.text:DCC_enableSingleShotMode)
                  0008271e    00000022     led_ex1_blinky.obj (.text:EPWM_setCounterCompareValue)
                  00082740    00000020     rts2800_fpu32_eabi.lib : memcpy.c.obj (.text)
                  00082760    0000001e     driverlib.lib : sysctl.obj (.text:DCC_setCounter0ClkSource)
                  0008277e    0000001e                   : sysctl.obj (.text:DCC_setCounter1ClkSource)
                  0008279c    0000001e                   : interrupt.obj (.text:Interrupt_initVectorTable)
                  000827ba    0000001c     led_ex1_blinky.obj (.text:EPWM_setClockPrescaler)
                  000827d6    0000001b     device.obj (.text:SysCtl_setCLBClkDivider)
                  000827f1    0000001b     led_ex1_blinky.obj (.text:main)
                  0008280c    0000001a     driverlib.lib : sysctl.obj (.text:SysCtl_getLowSpeedClock)
                  00082826    00000019                   : sysctl.obj (.text:SysCtl_setPLLSysClk)
                  0008283f    00000018     led_ex1_blinky.obj (.text:SysCtl_disablePeripheral)
                  00082857    00000017     driverlib.lib : sysctl.obj (.text:SysCtl_enablePeripheral)
                  0008286e    00000017     led_ex1_blinky.obj (.text:SysCtl_enablePeripheral)
                  00082885    00000017     rts2800_fpu32_eabi.lib : boot28.asm.obj (.text)
                  0008289c    00000016     driverlib.lib : sysctl.obj (.text:DCC_disableDoneSignal)
                  000828b2    00000016                   : interrupt.obj (.text:Interrupt_defaultHandler)
                  000828c8    00000015                   : sysctl.obj (.text:DCC_clearDoneFlag)
                  000828dd    00000015                   : sysctl.obj (.text:DCC_clearErrorFlag)
                  000828f2    00000015                   : sysctl.obj (.text:DCC_disableErrorSignal)
                  00082907    00000015                   : sysctl.obj (.text:DCC_isBaseValid)
                  0008291c    00000015     device.obj (.text:GPIO_unlockPortConfig)
                  00082931    00000014     driverlib.lib : sysctl.obj (.text:DCC_disableModule)
                  00082945    00000014                   : sysctl.obj (.text:DCC_enableModule)
                  00082959    00000014     led_ex1_blinky.obj (.text:EPWM_setTimeBaseCounterMode)
                  0008296d    00000014     led_ex1_blinky.obj (.text:EPWM_setTimeBasePeriod)
                  00082981    00000014     driverlib.lib : gpio.obj (.text:GPIO_isPinValid)
                  00082995    00000012     led_ex1_blinky.obj (.text:EPWM_setTimeBaseCounter)
                  000829a7    00000012     rts2800_fpu32_eabi.lib : args_main.c.obj (.text)
                  000829b9    00000010     device.obj (.text:CAN_isBaseValid)
                  000829c9    00000010     device.obj (.text:Device_initGPIO)
                  000829d9    00000010     driverlib.lib : flash.obj (.text:Flash_isCtrlBaseValid)
                  000829e9    00000010                   : flash.obj (.text:Flash_isECCBaseValid)
                  000829f9    0000000d                   : interrupt.obj (.text:Interrupt_disableGlobal)
                  00082a06    0000000d     device.obj (.text:SysCtl_setLowSpeedClock)
                  00082a13    0000000b     device.obj (.text:SysCtl_disableWatchdog)
                  00082a1e    0000000b     driverlib.lib : sysctl.obj (.text:SysCtl_isMCDClockFailureDetected)
                  00082a29    0000000a                   : interrupt.obj (.text:Interrupt_illegalOperationHandler)
                  00082a33    0000000a                   : interrupt.obj (.text:Interrupt_nmiHandler)
                  00082a3d    00000009     rts2800_fpu32_eabi.lib : _lock.c.obj (.text)
                  00082a46    00000008                            : copy_decompress_none.c.obj (.text:decompress:none)
                  00082a4e    00000008     f28002x_codestartbranch.obj (.text)
                  00082a56    00000007     device.obj (.text:ASysCtl_lockVREG)
                  00082a5d    00000007     driverlib.lib : sysctl.obj (.text:SysCtl_resetMCD)
                  00082a64    00000007     device.obj (.text:__error__)
                  00082a6b    00000003     device_cmd.obj (.text:CMD_init)
                  00082a6e    00000002     rts2800_fpu32_eabi.lib : pre_init.c.obj (.text)
                  00082a70    00000001     device_cmd.obj (.text:generic_flash_lnk_init)
                  00082a71    00000001     rts2800_fpu32_eabi.lib : startup.c.obj (.text)

MODULE SUMMARY

       Module                        code   ro data   rw data
       ------                        ----   -------   -------
    .\
       led_ex1_blinky.obj            352    63        0      
       f28002x_codestartbranch.obj   10     0         0      
    +--+-----------------------------+------+---------+---------+
       Total:                        362    63        0      
                                                             
    .\syscfg\
       device.obj                    230    144       0      
       device_cmd.obj                4      0         0      
    +--+-----------------------------+------+---------+---------+
       Total:                        234    144       0      
                                                             
    C:/ti/C2000Ware_26_01_00_00/driverlib/f28002x/driverlib/ccs/Debug/driverlib.lib
       sysctl.obj                    1341   154       0      
       flash.obj                     319    155       0      
       gpio.obj                      206    152       0      
       interrupt.obj                 146    0         0      
    +--+-----------------------------+------+---------+---------+
       Total:                        2012   461       0      
                                                             
    C:\ti\ccs2100\ccs\tools\compiler\ti-cgt-c2000_25.11.1.LTS\lib\rts2800_fpu32_eabi.lib
       fs_div28.asm.obj              136    0         0      
       exit.c.obj                    41     0         6      
       copy_decompress_lzss.c.obj    46     0         0      
       autoinit.c.obj                43     0         0      
       memcpy.c.obj                  32     0         0      
       boot28.asm.obj                23     0         0      
       args_main.c.obj               18     0         0      
       _lock.c.obj                   9      0         4      
       copy_decompress_none.c.obj    8      0         0      
       pre_init.c.obj                2      0         0      
       startup.c.obj                 1      0         0      
    +--+-----------------------------+------+---------+---------+
       Total:                        359    0         10     
                                                             
       Stack:                        0      0         512    
       Linker Generated:             0      17        0      
    +--+-----------------------------+------+---------+---------+
       Grand Total:                  2967   685       522    


LINKER GENERATED COPY TABLES

__TI_cinit_table @ 00081136 records: 1, size/record: 4, table size: 4
	.data: load addr=00081128, load size=00000009 bytes, run addr=0000a800, run size=0000000a bytes, compression=lzss


LINKER GENERATED HANDLER TABLE

__TI_handler_table @ 00081132 records: 2, size/record: 2, table size: 4
	index: 0, handler: __TI_decompress_lzss
	index: 1, handler: __TI_decompress_none


GLOBAL DATA SYMBOLS: SORTED BY DATA PAGE

address     data page           name
--------    ----------------    ----
00000400      10 (00000400)     __stack

0000a800     2a0 (0000a800)     __TI_enable_exit_profile_output
0000a802     2a0 (0000a800)     __TI_cleanup_ptr
0000a804     2a0 (0000a800)     __TI_dtors_ptr
0000a806     2a0 (0000a800)     _lock
0000a808     2a0 (0000a800)     _unlock


GLOBAL SYMBOLS: SORTED ALPHABETICALLY BY Name 

page  address   name                             
----  -------   ----                             
0     0008265e  C$$EXIT                          
0     00082a6b  CMD_init                         
0     000823d3  Device_init                      
0     000829c9  Device_initGPIO                  
0     00081000  Flash_initModule                 
0     000825d4  GPIO_setDirectionMode            
0     00082381  GPIO_setPadConfig                
0     00082566  GPIO_setPinConfig                
0     000828b2  Interrupt_defaultHandler         
0     00082a29  Interrupt_illegalOperationHandler
0     00082529  Interrupt_initModule             
0     0008279c  Interrupt_initVectorTable        
0     00082a33  Interrupt_nmiHandler             
0     0008111f  SysCtl_delay                     
0     0008231c  SysCtl_getClock                  
0     0008280c  SysCtl_getLowSpeedClock          
0     00082123  SysCtl_isPLLValid                
0     0008241c  SysCtl_selectOscSource           
0     00082463  SysCtl_selectXTAL                
0     000826d5  SysCtl_selectXTALSingleEnded     
0     00082000  SysCtl_setClock                  
0     00081136  __TI_CINIT_Base                  
0     0008113a  __TI_CINIT_Limit                 
0     0008113a  __TI_CINIT_Warm                  
0     00081132  __TI_Handler_Table_Base          
0     00081136  __TI_Handler_Table_Limit         
0     00000600  __TI_STACK_END                   
abs   00000200  __TI_STACK_SIZE                  
0     00082633  __TI_auto_init_nobinit_nopinit   
0     0000a802  __TI_cleanup_ptr                 
0     00082605  __TI_decompress_lzss             
0     00082a46  __TI_decompress_none             
0     0000a804  __TI_dtors_ptr                   
0     0000a800  __TI_enable_exit_profile_output  
abs   ffffffff  __TI_pprof_out_hndl              
abs   ffffffff  __TI_prof_data_size              
abs   ffffffff  __TI_prof_data_start             
0     00082221  __c28xabi_divf                   
abs   ffffffff  __c_args__                       
0     00082a64  __error__                        
0     00000400  __stack                          
0     000829a7  _args_main                       
0     00082885  _c_int00                         
0     0000a806  _lock                            
0     00082a45  _nop                             
0     00082a41  _register_lock                   
0     00082a3d  _register_unlock                 
0     00082a71  _system_post_cinit               
0     00082a6e  _system_pre_init                 
0     0000a808  _unlock                          
0     0008265e  abort                            
0     00080000  code_start                       
0     00082660  exit                             
0     00082a70  generic_flash_lnk_init           
0     0008259d  initEPWM1                        
0     000827f1  main                             
0     00082740  memcpy                           


GLOBAL SYMBOLS: SORTED BY Symbol Address 

page  address   name                             
----  -------   ----                             
0     00000400  __stack                          
0     00000600  __TI_STACK_END                   
0     0000a800  __TI_enable_exit_profile_output  
0     0000a802  __TI_cleanup_ptr                 
0     0000a804  __TI_dtors_ptr                   
0     0000a806  _lock                            
0     0000a808  _unlock                          
0     00080000  code_start                       
0     00081000  Flash_initModule                 
0     0008111f  SysCtl_delay                     
0     00081132  __TI_Handler_Table_Base          
0     00081136  __TI_CINIT_Base                  
0     00081136  __TI_Handler_Table_Limit         
0     0008113a  __TI_CINIT_Limit                 
0     0008113a  __TI_CINIT_Warm                  
0     00082000  SysCtl_setClock                  
0     00082123  SysCtl_isPLLValid                
0     00082221  __c28xabi_divf                   
0     0008231c  SysCtl_getClock                  
0     00082381  GPIO_setPadConfig                
0     000823d3  Device_init                      
0     0008241c  SysCtl_selectOscSource           
0     00082463  SysCtl_selectXTAL                
0     00082529  Interrupt_initModule             
0     00082566  GPIO_setPinConfig                
0     0008259d  initEPWM1                        
0     000825d4  GPIO_setDirectionMode            
0     00082605  __TI_decompress_lzss             
0     00082633  __TI_auto_init_nobinit_nopinit   
0     0008265e  C$$EXIT                          
0     0008265e  abort                            
0     00082660  exit                             
0     000826d5  SysCtl_selectXTALSingleEnded     
0     00082740  memcpy                           
0     0008279c  Interrupt_initVectorTable        
0     000827f1  main                             
0     0008280c  SysCtl_getLowSpeedClock          
0     00082885  _c_int00                         
0     000828b2  Interrupt_defaultHandler         
0     000829a7  _args_main                       
0     000829c9  Device_initGPIO                  
0     00082a29  Interrupt_illegalOperationHandler
0     00082a33  Interrupt_nmiHandler             
0     00082a3d  _register_unlock                 
0     00082a41  _register_lock                   
0     00082a45  _nop                             
0     00082a46  __TI_decompress_none             
0     00082a64  __error__                        
0     00082a6b  CMD_init                         
0     00082a6e  _system_pre_init                 
0     00082a70  generic_flash_lnk_init           
0     00082a71  _system_post_cinit               
abs   00000200  __TI_STACK_SIZE                  
abs   ffffffff  __TI_pprof_out_hndl              
abs   ffffffff  __TI_prof_data_size              
abs   ffffffff  __TI_prof_data_start             
abs   ffffffff  __c_args__                       

[57 symbols]
