<?xml version="1.0" encoding="ISO-8859-1" ?>
<link_info>
   <banner>TMS320C2000 Linker PC v25.11.1.LTS</banner>
   <copyright>Copyright (c) 1996-2018 Texas Instruments Incorporated</copyright>
   <command_line>C:\ti\ccs2100\ccs\tools\compiler\ti-cgt-c2000_25.11.1.LTS\bin\lnk2000.exe -lC:\\Users\\SUBHAM~1\\AppData\\Local\\Temp\\{82A57602-68C3-43B1-A08B-1BA97C627136}</command_line>
   <link_time>0x6a58c556</link_time>
   <link_errors>0x0</link_errors>
   <output_file>C:\Users\Subham Mandal\workspace_ccstheia\led_ex1_blinky\CPU1_RAM\led_ex1_blinky.out</output_file>
   <entry_point>
      <name>code_start</name>
      <address>0x0</address>
   </entry_point>
   <input_file_list>
      <input_file id="fl-2">
         <path>C:\Users\Subham Mandal\workspace_ccstheia\led_ex1_blinky\CPU1_RAM\.\syscfg\</path>
         <kind>object</kind>
         <file>board.obj</file>
         <name>board.obj</name>
      </input_file>
      <input_file id="fl-3">
         <path>C:\Users\Subham Mandal\workspace_ccstheia\led_ex1_blinky\CPU1_RAM\.\syscfg\</path>
         <kind>object</kind>
         <file>device.obj</file>
         <name>device.obj</name>
      </input_file>
      <input_file id="fl-4">
         <path>C:\Users\Subham Mandal\workspace_ccstheia\led_ex1_blinky\CPU1_RAM\.\syscfg\</path>
         <kind>object</kind>
         <file>device_cmd.obj</file>
         <name>device_cmd.obj</name>
      </input_file>
      <input_file id="fl-5">
         <path>C:\Users\Subham Mandal\workspace_ccstheia\led_ex1_blinky\CPU1_RAM\.\syscfg\</path>
         <kind>object</kind>
         <file>c2000ware_libraries.obj</file>
         <name>c2000ware_libraries.obj</name>
      </input_file>
      <input_file id="fl-6">
         <path>C:\Users\Subham Mandal\workspace_ccstheia\led_ex1_blinky\CPU1_RAM\.\</path>
         <kind>object</kind>
         <file>f28002x_codestartbranch.obj</file>
         <name>f28002x_codestartbranch.obj</name>
      </input_file>
      <input_file id="fl-7">
         <path>C:\Users\Subham Mandal\workspace_ccstheia\led_ex1_blinky\CPU1_RAM\.\</path>
         <kind>object</kind>
         <file>main.obj</file>
         <name>main.obj</name>
      </input_file>
      <input_file id="fl-8">
         <path>C:\Users\Subham Mandal\workspace_ccstheia\led_ex1_blinky\CPU1_RAM\.\</path>
         <kind>object</kind>
         <file>pwm.obj</file>
         <name>pwm.obj</name>
      </input_file>
      <input_file id="fl-9">
         <path>C:\Users\Subham Mandal\workspace_ccstheia\led_ex1_blinky\CPU1_RAM\.\</path>
         <kind>object</kind>
         <file>uart.obj</file>
         <name>uart.obj</name>
      </input_file>
      <input_file id="fl-11">
         <path>C:\Users\Subham Mandal\workspace_ccstheia\led_ex1_blinky\CPU1_RAM\</path>
         <kind>object</kind>
         <file>&lt;internal&gt;</file>
         <name>&lt;internal&gt;</name>
      </input_file>
      <input_file id="fl-12">
         <path>C:\ti\C2000Ware_26_01_00_00\driverlib\f28002x\driverlib\ccs\Debug\</path>
         <kind>archive</kind>
         <file>driverlib.lib</file>
         <name>dcc.obj</name>
      </input_file>
      <input_file id="fl-13">
         <path>C:\ti\C2000Ware_26_01_00_00\driverlib\f28002x\driverlib\ccs\Debug\</path>
         <kind>archive</kind>
         <file>driverlib.lib</file>
         <name>gpio.obj</name>
      </input_file>
      <input_file id="fl-14">
         <path>C:\ti\C2000Ware_26_01_00_00\driverlib\f28002x\driverlib\ccs\Debug\</path>
         <kind>archive</kind>
         <file>driverlib.lib</file>
         <name>interrupt.obj</name>
      </input_file>
      <input_file id="fl-15">
         <path>C:\ti\C2000Ware_26_01_00_00\driverlib\f28002x\driverlib\ccs\Debug\</path>
         <kind>archive</kind>
         <file>driverlib.lib</file>
         <name>sci.obj</name>
      </input_file>
      <input_file id="fl-16">
         <path>C:\ti\C2000Ware_26_01_00_00\driverlib\f28002x\driverlib\ccs\Debug\</path>
         <kind>archive</kind>
         <file>driverlib.lib</file>
         <name>sysctl.obj</name>
      </input_file>
      <input_file id="fl-22">
         <path>C:\ti\ccs2100\ccs\tools\compiler\ti-cgt-c2000_25.11.1.LTS\lib\</path>
         <kind>archive</kind>
         <file>rts2800_fpu32_eabi.lib</file>
         <name>boot28.asm.obj</name>
      </input_file>
      <input_file id="fl-23">
         <path>C:\ti\ccs2100\ccs\tools\compiler\ti-cgt-c2000_25.11.1.LTS\lib\</path>
         <kind>archive</kind>
         <file>rts2800_fpu32_eabi.lib</file>
         <name>fs_div28.asm.obj</name>
      </input_file>
      <input_file id="fl-24">
         <path>C:\ti\ccs2100\ccs\tools\compiler\ti-cgt-c2000_25.11.1.LTS\lib\</path>
         <kind>archive</kind>
         <file>rts2800_fpu32_eabi.lib</file>
         <name>fd_tofsfpu32.asm.obj</name>
      </input_file>
      <input_file id="fl-25">
         <path>C:\ti\ccs2100\ccs\tools\compiler\ti-cgt-c2000_25.11.1.LTS\lib\</path>
         <kind>archive</kind>
         <file>rts2800_fpu32_eabi.lib</file>
         <name>pre_init.c.obj</name>
      </input_file>
      <input_file id="fl-26">
         <path>C:\ti\ccs2100\ccs\tools\compiler\ti-cgt-c2000_25.11.1.LTS\lib\</path>
         <kind>archive</kind>
         <file>rts2800_fpu32_eabi.lib</file>
         <name>autoinit.c.obj</name>
      </input_file>
      <input_file id="fl-27">
         <path>C:\ti\ccs2100\ccs\tools\compiler\ti-cgt-c2000_25.11.1.LTS\lib\</path>
         <kind>archive</kind>
         <file>rts2800_fpu32_eabi.lib</file>
         <name>copy_zero_init.c.obj</name>
      </input_file>
      <input_file id="fl-28">
         <path>C:\ti\ccs2100\ccs\tools\compiler\ti-cgt-c2000_25.11.1.LTS\lib\</path>
         <kind>archive</kind>
         <file>rts2800_fpu32_eabi.lib</file>
         <name>copy_decompress_none.c.obj</name>
      </input_file>
      <input_file id="fl-29">
         <path>C:\ti\ccs2100\ccs\tools\compiler\ti-cgt-c2000_25.11.1.LTS\lib\</path>
         <kind>archive</kind>
         <file>rts2800_fpu32_eabi.lib</file>
         <name>copy_decompress_lzss.c.obj</name>
      </input_file>
      <input_file id="fl-2a">
         <path>C:\ti\ccs2100\ccs\tools\compiler\ti-cgt-c2000_25.11.1.LTS\lib\</path>
         <kind>archive</kind>
         <file>rts2800_fpu32_eabi.lib</file>
         <name>exit.c.obj</name>
      </input_file>
      <input_file id="fl-2b">
         <path>C:\ti\ccs2100\ccs\tools\compiler\ti-cgt-c2000_25.11.1.LTS\lib\</path>
         <kind>archive</kind>
         <file>rts2800_fpu32_eabi.lib</file>
         <name>_lock.c.obj</name>
      </input_file>
      <input_file id="fl-2c">
         <path>C:\ti\ccs2100\ccs\tools\compiler\ti-cgt-c2000_25.11.1.LTS\lib\</path>
         <kind>archive</kind>
         <file>rts2800_fpu32_eabi.lib</file>
         <name>args_main.c.obj</name>
      </input_file>
      <input_file id="fl-2d">
         <path>C:\ti\ccs2100\ccs\tools\compiler\ti-cgt-c2000_25.11.1.LTS\lib\</path>
         <kind>archive</kind>
         <file>rts2800_fpu32_eabi.lib</file>
         <name>atof.c.obj</name>
      </input_file>
      <input_file id="fl-2e">
         <path>C:\ti\ccs2100\ccs\tools\compiler\ti-cgt-c2000_25.11.1.LTS\lib\</path>
         <kind>archive</kind>
         <file>rts2800_fpu32_eabi.lib</file>
         <name>memset.c.obj</name>
      </input_file>
      <input_file id="fl-2f">
         <path>C:\ti\ccs2100\ccs\tools\compiler\ti-cgt-c2000_25.11.1.LTS\lib\</path>
         <kind>archive</kind>
         <file>rts2800_fpu32_eabi.lib</file>
         <name>strtod.c.obj</name>
      </input_file>
      <input_file id="fl-30">
         <path>C:\ti\ccs2100\ccs\tools\compiler\ti-cgt-c2000_25.11.1.LTS\lib\</path>
         <kind>archive</kind>
         <file>rts2800_fpu32_eabi.lib</file>
         <name>errno.c.obj</name>
      </input_file>
      <input_file id="fl-31">
         <path>C:\ti\ccs2100\ccs\tools\compiler\ti-cgt-c2000_25.11.1.LTS\lib\</path>
         <kind>archive</kind>
         <file>rts2800_fpu32_eabi.lib</file>
         <name>s_scalbn.c.obj</name>
      </input_file>
      <input_file id="fl-32">
         <path>C:\ti\ccs2100\ccs\tools\compiler\ti-cgt-c2000_25.11.1.LTS\lib\</path>
         <kind>archive</kind>
         <file>rts2800_fpu32_eabi.lib</file>
         <name>fd_add28.asm.obj</name>
      </input_file>
      <input_file id="fl-33">
         <path>C:\ti\ccs2100\ccs\tools\compiler\ti-cgt-c2000_25.11.1.LTS\lib\</path>
         <kind>archive</kind>
         <file>rts2800_fpu32_eabi.lib</file>
         <name>fd_cmp28.asm.obj</name>
      </input_file>
      <input_file id="fl-34">
         <path>C:\ti\ccs2100\ccs\tools\compiler\ti-cgt-c2000_25.11.1.LTS\lib\</path>
         <kind>archive</kind>
         <file>rts2800_fpu32_eabi.lib</file>
         <name>fd_mpy28.asm.obj</name>
      </input_file>
      <input_file id="fl-35">
         <path>C:\ti\ccs2100\ccs\tools\compiler\ti-cgt-c2000_25.11.1.LTS\lib\</path>
         <kind>archive</kind>
         <file>rts2800_fpu32_eabi.lib</file>
         <name>fd_neg28.asm.obj</name>
      </input_file>
      <input_file id="fl-36">
         <path>C:\ti\ccs2100\ccs\tools\compiler\ti-cgt-c2000_25.11.1.LTS\lib\</path>
         <kind>archive</kind>
         <file>rts2800_fpu32_eabi.lib</file>
         <name>ll_aox28.asm.obj</name>
      </input_file>
      <input_file id="fl-37">
         <path>C:\ti\ccs2100\ccs\tools\compiler\ti-cgt-c2000_25.11.1.LTS\lib\</path>
         <kind>archive</kind>
         <file>rts2800_fpu32_eabi.lib</file>
         <name>ll_cmp28.asm.obj</name>
      </input_file>
      <input_file id="fl-38">
         <path>C:\ti\ccs2100\ccs\tools\compiler\ti-cgt-c2000_25.11.1.LTS\lib\</path>
         <kind>archive</kind>
         <file>rts2800_fpu32_eabi.lib</file>
         <name>fd_div28.asm.obj</name>
      </input_file>
      <input_file id="fl-39">
         <path>C:\ti\ccs2100\ccs\tools\compiler\ti-cgt-c2000_25.11.1.LTS\lib\</path>
         <kind>archive</kind>
         <file>rts2800_fpu32_eabi.lib</file>
         <name>cpy_tbl.c.obj</name>
      </input_file>
      <input_file id="fl-3a">
         <path>C:\ti\ccs2100\ccs\tools\compiler\ti-cgt-c2000_25.11.1.LTS\lib\</path>
         <kind>archive</kind>
         <file>rts2800_fpu32_eabi.lib</file>
         <name>memcpy.c.obj</name>
      </input_file>
      <input_file id="fl-3b">
         <path>C:\ti\ccs2100\ccs\tools\compiler\ti-cgt-c2000_25.11.1.LTS\lib\</path>
         <kind>archive</kind>
         <file>rts2800_fpu32_eabi.lib</file>
         <name>startup.c.obj</name>
      </input_file>
      <input_file id="fl-3c">
         <path>C:\ti\ccs2100\ccs\tools\compiler\ti-cgt-c2000_25.11.1.LTS\lib\</path>
         <kind>archive</kind>
         <file>rts2800_fpu32_eabi.lib</file>
         <name>ctype.c.obj</name>
      </input_file>
      <input_file id="fl-3d">
         <path>C:\ti\ccs2100\ccs\tools\compiler\ti-cgt-c2000_25.11.1.LTS\lib\</path>
         <kind>archive</kind>
         <file>rts2800_fpu32_eabi.lib</file>
         <name>s_copysign.c.obj</name>
      </input_file>
   </input_file_list>
   <object_component_list>
      <object_component id="oc-1c">
         <name>codestart</name>
         <load_address>0x0</load_address>
         <readonly>true</readonly>
         <executable>true</executable>
         <run_address>0x0</run_address>
         <size>0x2</size>
         <alignment>0x1</alignment>
         <input_file_ref idref="fl-6"/>
      </object_component>
      <object_component id="oc-164">
         <name>.text:SysCtl_getClock</name>
         <load_address>0xa48e</load_address>
         <readonly>true</readonly>
         <executable>true</executable>
         <run_address>0xa48e</run_address>
         <size>0x65</size>
         <alignment>0x1</alignment>
         <input_file_ref idref="fl-16"/>
      </object_component>
      <object_component id="oc-19f">
         <name>.text:GPIO_setPadConfig</name>
         <load_address>0xa4f3</load_address>
         <readonly>true</readonly>
         <executable>true</executable>
         <run_address>0xa4f3</run_address>
         <size>0x52</size>
         <alignment>0x1</alignment>
         <input_file_ref idref="fl-13"/>
      </object_component>
      <object_component id="oc-241">
         <name>.text:SysCtl_selectOscSource</name>
         <load_address>0xa545</load_address>
         <readonly>true</readonly>
         <executable>true</executable>
         <run_address>0xa545</run_address>
         <size>0x47</size>
         <alignment>0x1</alignment>
         <input_file_ref idref="fl-16"/>
      </object_component>
      <object_component id="oc-2cb">
         <name>.text:SysCtl_selectXTAL</name>
         <load_address>0xa58c</load_address>
         <readonly>true</readonly>
         <executable>true</executable>
         <run_address>0xa58c</run_address>
         <size>0x46</size>
         <alignment>0x1</alignment>
         <input_file_ref idref="fl-16"/>
      </object_component>
      <object_component id="oc-1ef">
         <name>.text:SCI_clearInterruptStatus</name>
         <load_address>0xa5d2</load_address>
         <readonly>true</readonly>
         <executable>true</executable>
         <run_address>0xa5d2</run_address>
         <size>0x45</size>
         <alignment>0x1</alignment>
         <input_file_ref idref="fl-15"/>
      </object_component>
      <object_component id="oc-100">
         <name>.text:PWM_init</name>
         <load_address>0xa617</load_address>
         <readonly>true</readonly>
         <executable>true</executable>
         <run_address>0xa617</run_address>
         <size>0x44</size>
         <alignment>0x1</alignment>
         <input_file_ref idref="fl-8"/>
      </object_component>
      <object_component id="oc-ee">
         <name>.text:Device_init</name>
         <load_address>0xa65b</load_address>
         <readonly>true</readonly>
         <executable>true</executable>
         <run_address>0xa65b</run_address>
         <size>0x40</size>
         <alignment>0x1</alignment>
         <input_file_ref idref="fl-3"/>
      </object_component>
      <object_component id="oc-1c9">
         <name>.text:EPWM_setActionQualifierAction</name>
         <load_address>0xa69b</load_address>
         <readonly>true</readonly>
         <executable>true</executable>
         <run_address>0xa69b</run_address>
         <size>0x40</size>
         <alignment>0x1</alignment>
         <input_file_ref idref="fl-8"/>
      </object_component>
      <object_component id="oc-35f">
         <name>.text:SysCtl_pollX1Counter</name>
         <load_address>0xa6db</load_address>
         <readonly>true</readonly>
         <executable>true</executable>
         <run_address>0xa6db</run_address>
         <size>0x40</size>
         <alignment>0x1</alignment>
         <input_file_ref idref="fl-16"/>
      </object_component>
      <object_component id="oc-106">
         <name>.text:UART_init</name>
         <load_address>0xa71b</load_address>
         <readonly>true</readonly>
         <executable>true</executable>
         <run_address>0xa71b</run_address>
         <size>0x3f</size>
         <alignment>0x1</alignment>
         <input_file_ref idref="fl-9"/>
      </object_component>
      <object_component id="oc-1e3">
         <name>.text:SCI_setConfig</name>
         <load_address>0xa75a</load_address>
         <readonly>true</readonly>
         <executable>true</executable>
         <run_address>0xa75a</run_address>
         <size>0x3e</size>
         <alignment>0x1</alignment>
         <input_file_ref idref="fl-15"/>
      </object_component>
      <object_component id="oc-fa">
         <name>.text:Interrupt_initModule</name>
         <load_address>0xa798</load_address>
         <readonly>true</readonly>
         <executable>true</executable>
         <run_address>0xa798</run_address>
         <size>0x3d</size>
         <alignment>0x1</alignment>
         <input_file_ref idref="fl-14"/>
      </object_component>
      <object_component id="oc-96">
         <name>.text:__TI_auto_init_nobinit_nopinit</name>
         <load_address>0xa7d5</load_address>
         <readonly>true</readonly>
         <executable>true</executable>
         <run_address>0xa7d5</run_address>
         <size>0x2b</size>
         <alignment>0x1</alignment>
         <input_file_ref idref="fl-26"/>
      </object_component>
      <object_component id="oc-193">
         <name>.text:GPIO_setPinConfig</name>
         <load_address>0xa800</load_address>
         <readonly>true</readonly>
         <executable>true</executable>
         <run_address>0xa800</run_address>
         <size>0x37</size>
         <alignment>0x1</alignment>
         <input_file_ref idref="fl-13"/>
      </object_component>
      <object_component id="oc-1d7">
         <name>.text:GPIO_setQualificationMode</name>
         <load_address>0xa837</load_address>
         <readonly>true</readonly>
         <executable>true</executable>
         <run_address>0xa837</run_address>
         <size>0x37</size>
         <alignment>0x1</alignment>
         <input_file_ref idref="fl-13"/>
      </object_component>
      <object_component id="oc-c6">
         <name>.text:main</name>
         <load_address>0xa86e</load_address>
         <readonly>true</readonly>
         <executable>true</executable>
         <run_address>0xa86e</run_address>
         <size>0x35</size>
         <alignment>0x1</alignment>
         <input_file_ref idref="fl-7"/>
      </object_component>
      <object_component id="oc-112">
         <name>.text:UART_ReadFloat</name>
         <load_address>0xa8a3</load_address>
         <readonly>true</readonly>
         <executable>true</executable>
         <run_address>0xa8a3</run_address>
         <size>0x32</size>
         <alignment>0x1</alignment>
         <input_file_ref idref="fl-9"/>
      </object_component>
      <object_component id="oc-199">
         <name>.text:GPIO_setDirectionMode</name>
         <load_address>0xa8d5</load_address>
         <readonly>true</readonly>
         <executable>true</executable>
         <run_address>0xa8d5</run_address>
         <size>0x31</size>
         <alignment>0x1</alignment>
         <input_file_ref idref="fl-13"/>
      </object_component>
      <object_component id="oc-f">
         <name>.text:decompress:lzss</name>
         <load_address>0xa906</load_address>
         <readonly>true</readonly>
         <executable>true</executable>
         <run_address>0xa906</run_address>
         <size>0x2e</size>
         <alignment>0x1</alignment>
         <input_file_ref idref="fl-29"/>
      </object_component>
      <object_component id="oc-33f">
         <name>.text</name>
         <load_address>0xa934</load_address>
         <readonly>true</readonly>
         <executable>true</executable>
         <run_address>0xa934</run_address>
         <size>0x2a</size>
         <alignment>0x1</alignment>
         <input_file_ref idref="fl-33"/>
      </object_component>
      <object_component id="oc-8a">
         <name>.text</name>
         <load_address>0xa95e</load_address>
         <readonly>true</readonly>
         <executable>true</executable>
         <run_address>0xa95e</run_address>
         <size>0x29</size>
         <alignment>0x1</alignment>
         <input_file_ref idref="fl-2a"/>
      </object_component>
      <object_component id="oc-158">
         <name>.text:CAN_selectClockSource</name>
         <load_address>0xa987</load_address>
         <readonly>true</readonly>
         <executable>true</executable>
         <run_address>0xa987</run_address>
         <size>0x27</size>
         <alignment>0x1</alignment>
         <input_file_ref idref="fl-3"/>
      </object_component>
      <object_component id="oc-274">
         <name>.text:EPWM_isBaseValid</name>
         <load_address>0xa9ae</load_address>
         <readonly>true</readonly>
         <executable>true</executable>
         <run_address>0xa9ae</run_address>
         <size>0x27</size>
         <alignment>0x1</alignment>
         <input_file_ref idref="fl-8"/>
      </object_component>
      <object_component id="oc-2d1">
         <name>.text:SysCtl_selectXTALSingleEnded</name>
         <load_address>0xa9d5</load_address>
         <readonly>true</readonly>
         <executable>true</executable>
         <run_address>0xa9d5</run_address>
         <size>0x25</size>
         <alignment>0x1</alignment>
         <input_file_ref idref="fl-16"/>
      </object_component>
      <object_component id="oc-30f">
         <name>.text:DCC_enableSingleShotMode</name>
         <load_address>0xa9fa</load_address>
         <readonly>true</readonly>
         <executable>true</executable>
         <run_address>0xa9fa</run_address>
         <size>0x24</size>
         <alignment>0x1</alignment>
         <input_file_ref idref="fl-16"/>
      </object_component>
      <object_component id="oc-11d">
         <name>.text:PWM_SetDuty</name>
         <load_address>0xaa1e</load_address>
         <readonly>true</readonly>
         <executable>true</executable>
         <run_address>0xaa1e</run_address>
         <size>0x24</size>
         <alignment>0x1</alignment>
         <input_file_ref idref="fl-8"/>
      </object_component>
      <object_component id="oc-392">
         <name>.text</name>
         <load_address>0xaa42</load_address>
         <readonly>true</readonly>
         <executable>true</executable>
         <run_address>0xaa42</run_address>
         <size>0x24</size>
         <alignment>0x1</alignment>
         <input_file_ref idref="fl-3d"/>
      </object_component>
      <object_component id="oc-213">
         <name>.text</name>
         <load_address>0xaa66</load_address>
         <readonly>true</readonly>
         <executable>true</executable>
         <run_address>0xaa66</run_address>
         <size>0x23</size>
         <alignment>0x1</alignment>
         <input_file_ref idref="fl-24"/>
      </object_component>
      <object_component id="oc-1c3">
         <name>.text:EPWM_setCounterCompareValue</name>
         <load_address>0xaa89</load_address>
         <readonly>true</readonly>
         <executable>true</executable>
         <run_address>0xaa89</run_address>
         <size>0x22</size>
         <alignment>0x1</alignment>
         <input_file_ref idref="fl-8"/>
      </object_component>
      <object_component id="oc-3c">
         <name>.text</name>
         <load_address>0xaaab</load_address>
         <readonly>true</readonly>
         <executable>true</executable>
         <run_address>0xaaab</run_address>
         <size>0x20</size>
         <alignment>0x1</alignment>
         <input_file_ref idref="fl-3a"/>
      </object_component>
      <object_component id="oc-2fd">
         <name>.text:DCC_setCounter0ClkSource</name>
         <load_address>0xaacb</load_address>
         <readonly>true</readonly>
         <executable>true</executable>
         <run_address>0xaacb</run_address>
         <size>0x1e</size>
         <alignment>0x1</alignment>
         <input_file_ref idref="fl-16"/>
      </object_component>
      <object_component id="oc-303">
         <name>.text:DCC_setCounter1ClkSource</name>
         <load_address>0xaae9</load_address>
         <readonly>true</readonly>
         <executable>true</executable>
         <run_address>0xaae9</run_address>
         <size>0x1e</size>
         <alignment>0x1</alignment>
         <input_file_ref idref="fl-16"/>
      </object_component>
      <object_component id="oc-23">
         <name>.text:Interrupt_initVectorTable</name>
         <load_address>0xab07</load_address>
         <readonly>true</readonly>
         <executable>true</executable>
         <run_address>0xab07</run_address>
         <size>0x1e</size>
         <alignment>0x1</alignment>
         <input_file_ref idref="fl-14"/>
      </object_component>
      <object_component id="oc-204">
         <name>.text:SCI_readCharBlockingFIFO</name>
         <load_address>0xab25</load_address>
         <readonly>true</readonly>
         <executable>true</executable>
         <run_address>0xab25</run_address>
         <size>0x1e</size>
         <alignment>0x1</alignment>
         <input_file_ref idref="fl-9"/>
      </object_component>
      <object_component id="oc-1b1">
         <name>.text:EPWM_setClockPrescaler</name>
         <load_address>0xab43</load_address>
         <readonly>true</readonly>
         <executable>true</executable>
         <run_address>0xab43</run_address>
         <size>0x1c</size>
         <alignment>0x1</alignment>
         <input_file_ref idref="fl-8"/>
      </object_component>
      <object_component id="oc-15e">
         <name>.text:SysCtl_setCLBClkDivider</name>
         <load_address>0xab5f</load_address>
         <readonly>true</readonly>
         <executable>true</executable>
         <run_address>0xab5f</run_address>
         <size>0x1b</size>
         <alignment>0x1</alignment>
         <input_file_ref idref="fl-3"/>
      </object_component>
      <object_component id="oc-171">
         <name>.text:SysCtl_getLowSpeedClock</name>
         <load_address>0xab7a</load_address>
         <readonly>true</readonly>
         <executable>true</executable>
         <run_address>0xab7a</run_address>
         <size>0x1a</size>
         <alignment>0x1</alignment>
         <input_file_ref idref="fl-16"/>
      </object_component>
      <object_component id="oc-247">
         <name>.text:SysCtl_setPLLSysClk</name>
         <load_address>0xab94</load_address>
         <readonly>true</readonly>
         <executable>true</executable>
         <run_address>0xab94</run_address>
         <size>0x19</size>
         <alignment>0x1</alignment>
         <input_file_ref idref="fl-16"/>
      </object_component>
      <object_component id="oc-295">
         <name>.text:SCI_disableModule</name>
         <load_address>0xabad</load_address>
         <readonly>true</readonly>
         <executable>true</executable>
         <run_address>0xabad</run_address>
         <size>0x18</size>
         <alignment>0x1</alignment>
         <input_file_ref idref="fl-15"/>
      </object_component>
      <object_component id="oc-2a4">
         <name>.text:SCI_performSoftwareReset</name>
         <load_address>0xabc5</load_address>
         <readonly>true</readonly>
         <executable>true</executable>
         <run_address>0xabc5</run_address>
         <size>0x18</size>
         <alignment>0x1</alignment>
         <input_file_ref idref="fl-15"/>
      </object_component>
      <object_component id="oc-1dd">
         <name>.text:SCI_performSoftwareReset</name>
         <load_address>0xabdd</load_address>
         <readonly>true</readonly>
         <executable>true</executable>
         <run_address>0xabdd</run_address>
         <size>0x18</size>
         <alignment>0x1</alignment>
         <input_file_ref idref="fl-9"/>
      </object_component>
      <object_component id="oc-1e9">
         <name>.text:SCI_resetChannels</name>
         <load_address>0xabf5</load_address>
         <readonly>true</readonly>
         <executable>true</executable>
         <run_address>0xabf5</run_address>
         <size>0x18</size>
         <alignment>0x1</alignment>
         <input_file_ref idref="fl-9"/>
      </object_component>
      <object_component id="oc-1a5">
         <name>.text:SysCtl_disablePeripheral</name>
         <load_address>0xac0d</load_address>
         <readonly>true</readonly>
         <executable>true</executable>
         <run_address>0xac0d</run_address>
         <size>0x18</size>
         <alignment>0x1</alignment>
         <input_file_ref idref="fl-8"/>
      </object_component>
      <object_component id="oc-38d">
         <name>.text</name>
         <load_address>0xac25</load_address>
         <readonly>true</readonly>
         <executable>true</executable>
         <run_address>0xac25</run_address>
         <size>0x18</size>
         <alignment>0x1</alignment>
         <input_file_ref idref="fl-36"/>
      </object_component>
      <object_component id="oc-2d9">
         <name>.text:SysCtl_enablePeripheral</name>
         <load_address>0xac3d</load_address>
         <readonly>true</readonly>
         <executable>true</executable>
         <run_address>0xac3d</run_address>
         <size>0x17</size>
         <alignment>0x1</alignment>
         <input_file_ref idref="fl-16"/>
      </object_component>
      <object_component id="oc-1cf">
         <name>.text:SysCtl_enablePeripheral</name>
         <load_address>0xac54</load_address>
         <readonly>true</readonly>
         <executable>true</executable>
         <run_address>0xac54</run_address>
         <size>0x17</size>
         <alignment>0x1</alignment>
         <input_file_ref idref="fl-8"/>
      </object_component>
      <object_component id="oc-6c">
         <name>.text</name>
         <load_address>0xac6b</load_address>
         <readonly>true</readonly>
         <executable>true</executable>
         <run_address>0xac6b</run_address>
         <size>0x17</size>
         <alignment>0x1</alignment>
         <input_file_ref idref="fl-22"/>
      </object_component>
      <object_component id="oc-2f7">
         <name>.text:DCC_disableDoneSignal</name>
         <load_address>0xac82</load_address>
         <readonly>true</readonly>
         <executable>true</executable>
         <run_address>0xac82</run_address>
         <size>0x16</size>
         <alignment>0x1</alignment>
         <input_file_ref idref="fl-16"/>
      </object_component>
      <object_component id="oc-21">
         <name>.text:Interrupt_defaultHandler</name>
         <load_address>0xac98</load_address>
         <readonly>true</readonly>
         <executable>true</executable>
         <run_address>0xac98</run_address>
         <size>0x16</size>
         <alignment>0x1</alignment>
         <input_file_ref idref="fl-14"/>
      </object_component>
      <object_component id="oc-2e5">
         <name>.text:DCC_clearDoneFlag</name>
         <load_address>0xacae</load_address>
         <readonly>true</readonly>
         <executable>true</executable>
         <run_address>0xacae</run_address>
         <size>0x15</size>
         <alignment>0x1</alignment>
         <input_file_ref idref="fl-16"/>
      </object_component>
      <object_component id="oc-2df">
         <name>.text:DCC_clearErrorFlag</name>
         <load_address>0xacc3</load_address>
         <readonly>true</readonly>
         <executable>true</executable>
         <run_address>0xacc3</run_address>
         <size>0x15</size>
         <alignment>0x1</alignment>
         <input_file_ref idref="fl-16"/>
      </object_component>
      <object_component id="oc-2f1">
         <name>.text:DCC_disableErrorSignal</name>
         <load_address>0xacd8</load_address>
         <readonly>true</readonly>
         <executable>true</executable>
         <run_address>0xacd8</run_address>
         <size>0x15</size>
         <alignment>0x1</alignment>
         <input_file_ref idref="fl-16"/>
      </object_component>
      <object_component id="oc-36e">
         <name>.text:DCC_isBaseValid</name>
         <load_address>0xaced</load_address>
         <readonly>true</readonly>
         <executable>true</executable>
         <run_address>0xaced</run_address>
         <size>0x15</size>
         <alignment>0x1</alignment>
         <input_file_ref idref="fl-16"/>
      </object_component>
      <object_component id="oc-185">
         <name>.text:GPIO_unlockPortConfig</name>
         <load_address>0xad02</load_address>
         <readonly>true</readonly>
         <executable>true</executable>
         <run_address>0xad02</run_address>
         <size>0x15</size>
         <alignment>0x1</alignment>
         <input_file_ref idref="fl-3"/>
      </object_component>
      <object_component id="oc-2eb">
         <name>.text:DCC_disableModule</name>
         <load_address>0xad17</load_address>
         <readonly>true</readonly>
         <executable>true</executable>
         <run_address>0xad17</run_address>
         <size>0x14</size>
         <alignment>0x1</alignment>
         <input_file_ref idref="fl-16"/>
      </object_component>
      <object_component id="oc-315">
         <name>.text:DCC_enableModule</name>
         <load_address>0xad2b</load_address>
         <readonly>true</readonly>
         <executable>true</executable>
         <run_address>0xad2b</run_address>
         <size>0x14</size>
         <alignment>0x1</alignment>
         <input_file_ref idref="fl-16"/>
      </object_component>
      <object_component id="oc-1ab">
         <name>.text:EPWM_setTimeBaseCounterMode</name>
         <load_address>0xad3f</load_address>
         <readonly>true</readonly>
         <executable>true</executable>
         <run_address>0xad3f</run_address>
         <size>0x14</size>
         <alignment>0x1</alignment>
         <input_file_ref idref="fl-8"/>
      </object_component>
      <object_component id="oc-1b7">
         <name>.text:EPWM_setTimeBasePeriod</name>
         <load_address>0xad53</load_address>
         <readonly>true</readonly>
         <executable>true</executable>
         <run_address>0xad53</run_address>
         <size>0x14</size>
         <alignment>0x1</alignment>
         <input_file_ref idref="fl-8"/>
      </object_component>
      <object_component id="oc-26a">
         <name>.text:GPIO_isPinValid</name>
         <load_address>0xad67</load_address>
         <readonly>true</readonly>
         <executable>true</executable>
         <run_address>0xad67</run_address>
         <size>0x14</size>
         <alignment>0x1</alignment>
         <input_file_ref idref="fl-13"/>
      </object_component>
      <object_component id="oc-1fd">
         <name>.text:SCI_getRxFIFOStatus</name>
         <load_address>0xad7b</load_address>
         <readonly>true</readonly>
         <executable>true</executable>
         <run_address>0xad7b</run_address>
         <size>0x14</size>
         <alignment>0x1</alignment>
         <input_file_ref idref="fl-9"/>
      </object_component>
      <object_component id="oc-177">
         <name>.text:SysCtl_deviceCal</name>
         <load_address>0xad8f</load_address>
         <readonly>true</readonly>
         <executable>true</executable>
         <run_address>0xad8f</run_address>
         <size>0x14</size>
         <alignment>0x1</alignment>
         <input_file_ref idref="fl-3"/>
      </object_component>
      <object_component id="oc-29b">
         <name>.text:SCI_enableModule</name>
         <load_address>0xada3</load_address>
         <readonly>true</readonly>
         <executable>true</executable>
         <run_address>0xada3</run_address>
         <size>0x13</size>
         <alignment>0x1</alignment>
         <input_file_ref idref="fl-15"/>
      </object_component>
      <object_component id="oc-1f5">
         <name>.text:SCI_enableModule</name>
         <load_address>0xadb6</load_address>
         <readonly>true</readonly>
         <executable>true</executable>
         <run_address>0xadb6</run_address>
         <size>0x13</size>
         <alignment>0x1</alignment>
         <input_file_ref idref="fl-9"/>
      </object_component>
      <object_component id="oc-1bd">
         <name>.text:EPWM_setTimeBaseCounter</name>
         <load_address>0xadc9</load_address>
         <readonly>true</readonly>
         <executable>true</executable>
         <run_address>0xadc9</run_address>
         <size>0x12</size>
         <alignment>0x1</alignment>
         <input_file_ref idref="fl-8"/>
      </object_component>
      <object_component id="oc-84">
         <name>.text</name>
         <load_address>0xaddb</load_address>
         <readonly>true</readonly>
         <executable>true</executable>
         <run_address>0xaddb</run_address>
         <size>0x12</size>
         <alignment>0x1</alignment>
         <input_file_ref idref="fl-2c"/>
      </object_component>
      <object_component id="oc-256">
         <name>.text:CAN_isBaseValid</name>
         <load_address>0xaded</load_address>
         <readonly>true</readonly>
         <executable>true</executable>
         <run_address>0xaded</run_address>
         <size>0x10</size>
         <alignment>0x1</alignment>
         <input_file_ref idref="fl-3"/>
      </object_component>
      <object_component id="oc-f4">
         <name>.text:Device_initGPIO</name>
         <load_address>0xadfd</load_address>
         <readonly>true</readonly>
         <executable>true</executable>
         <run_address>0xadfd</run_address>
         <size>0x10</size>
         <alignment>0x1</alignment>
         <input_file_ref idref="fl-3"/>
      </object_component>
      <object_component id="oc-2b0">
         <name>.text:SCI_getRxStatus</name>
         <load_address>0xae0d</load_address>
         <readonly>true</readonly>
         <executable>true</executable>
         <run_address>0xae0d</run_address>
         <size>0x10</size>
         <alignment>0x1</alignment>
         <input_file_ref idref="fl-9"/>
      </object_component>
      <object_component id="oc-28e">
         <name>.text:SCI_isBaseValid</name>
         <load_address>0xae1d</load_address>
         <readonly>true</readonly>
         <executable>true</executable>
         <run_address>0xae1d</run_address>
         <size>0xf</size>
         <alignment>0x1</alignment>
         <input_file_ref idref="fl-15"/>
      </object_component>
      <object_component id="oc-286">
         <name>.text:SCI_isBaseValid</name>
         <load_address>0xae2c</load_address>
         <readonly>true</readonly>
         <executable>true</executable>
         <run_address>0xae2c</run_address>
         <size>0xf</size>
         <alignment>0x1</alignment>
         <input_file_ref idref="fl-9"/>
      </object_component>
      <object_component id="oc-18c">
         <name>.text:Interrupt_disableGlobal</name>
         <load_address>0xae3b</load_address>
         <readonly>true</readonly>
         <executable>true</executable>
         <run_address>0xae3b</run_address>
         <size>0xd</size>
         <alignment>0x1</alignment>
         <input_file_ref idref="fl-14"/>
      </object_component>
      <object_component id="oc-152">
         <name>.text:SysCtl_setLowSpeedClock</name>
         <load_address>0xae48</load_address>
         <readonly>true</readonly>
         <executable>true</executable>
         <run_address>0xae48</run_address>
         <size>0xd</size>
         <alignment>0x1</alignment>
         <input_file_ref idref="fl-3"/>
      </object_component>
      <object_component id="oc-44">
         <name>.text:decompress:ZI:__TI_zero_init_nomemset</name>
         <load_address>0xae55</load_address>
         <readonly>true</readonly>
         <executable>true</executable>
         <run_address>0xae55</run_address>
         <size>0xd</size>
         <alignment>0x1</alignment>
         <input_file_ref idref="fl-27"/>
      </object_component>
      <object_component id="oc-140">
         <name>.text:SysCtl_disableWatchdog</name>
         <load_address>0xae62</load_address>
         <readonly>true</readonly>
         <executable>true</executable>
         <run_address>0xae62</run_address>
         <size>0xb</size>
         <alignment>0x1</alignment>
         <input_file_ref idref="fl-3"/>
      </object_component>
      <object_component id="oc-23a">
         <name>.text:SysCtl_isMCDClockFailureDetected</name>
         <load_address>0xae6d</load_address>
         <readonly>true</readonly>
         <executable>true</executable>
         <run_address>0xae6d</run_address>
         <size>0xb</size>
         <alignment>0x1</alignment>
         <input_file_ref idref="fl-16"/>
      </object_component>
      <object_component id="oc-2d">
         <name>.text:Interrupt_illegalOperationHandler</name>
         <load_address>0xae78</load_address>
         <readonly>true</readonly>
         <executable>true</executable>
         <run_address>0xae78</run_address>
         <size>0xa</size>
         <alignment>0x1</alignment>
         <input_file_ref idref="fl-14"/>
      </object_component>
      <object_component id="oc-33">
         <name>.text:Interrupt_nmiHandler</name>
         <load_address>0xae82</load_address>
         <readonly>true</readonly>
         <executable>true</executable>
         <run_address>0xae82</run_address>
         <size>0xa</size>
         <alignment>0x1</alignment>
         <input_file_ref idref="fl-14"/>
      </object_component>
      <object_component id="oc-12d">
         <name>.text</name>
         <load_address>0xae8c</load_address>
         <readonly>true</readonly>
         <executable>true</executable>
         <run_address>0xae8c</run_address>
         <size>0x9</size>
         <alignment>0x1</alignment>
         <input_file_ref idref="fl-2b"/>
      </object_component>
      <object_component id="oc-344">
         <name>.text</name>
         <load_address>0xae95</load_address>
         <readonly>true</readonly>
         <executable>true</executable>
         <run_address>0xae95</run_address>
         <size>0x9</size>
         <alignment>0x1</alignment>
         <input_file_ref idref="fl-35"/>
      </object_component>
      <object_component id="oc-15">
         <name>.text:decompress:none</name>
         <load_address>0xae9e</load_address>
         <readonly>true</readonly>
         <executable>true</executable>
         <run_address>0xae9e</run_address>
         <size>0x8</size>
         <alignment>0x1</alignment>
         <input_file_ref idref="fl-28"/>
      </object_component>
      <object_component id="oc-50">
         <name>.text</name>
         <load_address>0xaea6</load_address>
         <readonly>true</readonly>
         <executable>true</executable>
         <run_address>0xaea6</run_address>
         <size>0x8</size>
         <alignment>0x1</alignment>
         <input_file_ref idref="fl-6"/>
      </object_component>
      <object_component id="oc-17d">
         <name>.text:ASysCtl_lockVREG</name>
         <load_address>0xaeae</load_address>
         <readonly>true</readonly>
         <executable>true</executable>
         <run_address>0xaeae</run_address>
         <size>0x7</size>
         <alignment>0x1</alignment>
         <input_file_ref idref="fl-3"/>
      </object_component>
      <object_component id="oc-365">
         <name>.text:SysCtl_resetMCD</name>
         <load_address>0xaeb5</load_address>
         <readonly>true</readonly>
         <executable>true</executable>
         <run_address>0xaeb5</run_address>
         <size>0x7</size>
         <alignment>0x1</alignment>
         <input_file_ref idref="fl-16"/>
      </object_component>
      <object_component id="oc-16b">
         <name>.text:__error__</name>
         <load_address>0xaebc</load_address>
         <readonly>true</readonly>
         <executable>true</executable>
         <run_address>0xaebc</run_address>
         <size>0x7</size>
         <alignment>0x1</alignment>
         <input_file_ref idref="fl-3"/>
      </object_component>
      <object_component id="oc-20d">
         <name>.text</name>
         <load_address>0xaec3</load_address>
         <readonly>true</readonly>
         <executable>true</executable>
         <run_address>0xaec3</run_address>
         <size>0x4</size>
         <alignment>0x1</alignment>
         <input_file_ref idref="fl-2d"/>
      </object_component>
      <object_component id="oc-146">
         <name>.text:CMD_init</name>
         <load_address>0xaec7</load_address>
         <readonly>true</readonly>
         <executable>true</executable>
         <run_address>0xaec7</run_address>
         <size>0x3</size>
         <alignment>0x1</alignment>
         <input_file_ref idref="fl-4"/>
      </object_component>
      <object_component id="oc-7d">
         <name>.text</name>
         <load_address>0xaeca</load_address>
         <readonly>true</readonly>
         <executable>true</executable>
         <run_address>0xaeca</run_address>
         <size>0x2</size>
         <alignment>0x1</alignment>
         <input_file_ref idref="fl-25"/>
      </object_component>
      <object_component id="oc-d9">
         <name>.text</name>
         <load_address>0xaecc</load_address>
         <readonly>true</readonly>
         <executable>true</executable>
         <run_address>0xaecc</run_address>
         <size>0x1</size>
         <alignment>0x1</alignment>
         <input_file_ref idref="fl-3b"/>
      </object_component>
      <object_component id="oc-2b9">
         <name>.text</name>
         <load_address>0xc000</load_address>
         <readonly>true</readonly>
         <executable>true</executable>
         <run_address>0xc000</run_address>
         <size>0x283</size>
         <alignment>0x1</alignment>
         <input_file_ref idref="fl-2f"/>
      </object_component>
      <object_component id="oc-14c">
         <name>.text:SysCtl_setClock</name>
         <load_address>0xc283</load_address>
         <readonly>true</readonly>
         <executable>true</executable>
         <run_address>0xc283</run_address>
         <size>0x123</size>
         <alignment>0x1</alignment>
         <input_file_ref idref="fl-16"/>
      </object_component>
      <object_component id="oc-24d">
         <name>.text:SysCtl_isPLLValid</name>
         <load_address>0xc3a6</load_address>
         <readonly>true</readonly>
         <executable>true</executable>
         <run_address>0xc3a6</run_address>
         <size>0xfe</size>
         <alignment>0x1</alignment>
         <input_file_ref idref="fl-16"/>
      </object_component>
      <object_component id="oc-351">
         <name>.text</name>
         <load_address>0xc4a4</load_address>
         <readonly>true</readonly>
         <executable>true</executable>
         <run_address>0xc4a4</run_address>
         <size>0xa9</size>
         <alignment>0x1</alignment>
         <input_file_ref idref="fl-31"/>
      </object_component>
      <object_component id="oc-339">
         <name>.text</name>
         <load_address>0xc54d</load_address>
         <readonly>true</readonly>
         <executable>true</executable>
         <run_address>0xc54d</run_address>
         <size>0x9c</size>
         <alignment>0x1</alignment>
         <input_file_ref idref="fl-32"/>
      </object_component>
      <object_component id="oc-34c">
         <name>.text</name>
         <load_address>0xc5e9</load_address>
         <readonly>true</readonly>
         <executable>true</executable>
         <run_address>0xc5e9</run_address>
         <size>0x8b</size>
         <alignment>0x1</alignment>
         <input_file_ref idref="fl-38"/>
      </object_component>
      <object_component id="oc-118">
         <name>.text</name>
         <load_address>0xc674</load_address>
         <readonly>true</readonly>
         <executable>true</executable>
         <run_address>0xc674</run_address>
         <size>0x88</size>
         <alignment>0x1</alignment>
         <input_file_ref idref="fl-23"/>
      </object_component>
      <object_component id="oc-334">
         <name>.text</name>
         <load_address>0xc6fc</load_address>
         <readonly>true</readonly>
         <executable>true</executable>
         <run_address>0xc6fc</run_address>
         <size>0x83</size>
         <alignment>0x1</alignment>
         <input_file_ref idref="fl-34"/>
      </object_component>
      <object_component id="oc-309">
         <name>.text:DCC_setCounterSeeds</name>
         <load_address>0xc77f</load_address>
         <readonly>true</readonly>
         <executable>true</executable>
         <run_address>0xc77f</run_address>
         <size>0x73</size>
         <alignment>0x1</alignment>
         <input_file_ref idref="fl-16"/>
      </object_component>
      <object_component id="oc-10c">
         <name>.text:UART_Available</name>
         <load_address>0xc7f2</load_address>
         <readonly>true</readonly>
         <executable>true</executable>
         <run_address>0xc7f2</run_address>
         <size>0x5</size>
         <alignment>0x1</alignment>
         <input_file_ref idref="fl-9"/>
      </object_component>
      <object_component id="oc-231">
         <name>.text:generic_ram_lnk_init</name>
         <load_address>0xc7f7</load_address>
         <readonly>true</readonly>
         <executable>true</executable>
         <run_address>0xc7f7</run_address>
         <size>0x1</size>
         <alignment>0x1</alignment>
         <input_file_ref idref="fl-4"/>
      </object_component>
      <object_component id="oc-240">
         <name>.TI.ramfunc</name>
         <load_address>0x128</load_address>
         <readonly>true</readonly>
         <executable>true</executable>
         <run_address>0x128</run_address>
         <size>0x4</size>
         <alignment>0x1</alignment>
         <input_file_ref idref="fl-16"/>
      </object_component>
      <object_component id="oc-3d9">
         <name>.cinit..data.load</name>
         <load_address>0x12c</load_address>
         <readonly>true</readonly>
         <run_address>0x12c</run_address>
         <size>0xd</size>
         <alignment>0x1</alignment>
      </object_component>
      <object_component id="oc-3d6">
         <name>__TI_handler_table</name>
         <load_address>0x13a</load_address>
         <readonly>true</readonly>
         <run_address>0x13a</run_address>
         <size>0x6</size>
         <alignment>0x2</alignment>
      </object_component>
      <object_component id="oc-3d8">
         <name>.cinit..bss.load</name>
         <load_address>0x140</load_address>
         <readonly>true</readonly>
         <run_address>0x140</run_address>
         <size>0x4</size>
         <alignment>0x2</alignment>
      </object_component>
      <object_component id="oc-3d7">
         <name>__TI_cinit_table</name>
         <load_address>0x144</load_address>
         <readonly>true</readonly>
         <run_address>0x144</run_address>
         <size>0x8</size>
         <alignment>0x2</alignment>
      </object_component>
      <object_component id="oc-39">
         <name>.stack</name>
         <uninitialized>true</uninitialized>
         <readwrite>true</readwrite>
         <run_address>0x400</run_address>
         <size>0x0</size>
         <alignment>0x1</alignment>
         <input_file_ref idref="fl-22"/>
      </object_component>
      <object_component id="oc-3da">
         <name>.stack</name>
         <uninitialized>true</uninitialized>
         <readwrite>true</readwrite>
         <run_address>0x400</run_address>
         <size>0x0</size>
         <alignment>0x2</alignment>
      </object_component>
      <object_component id="oc-20a">
         <name>.bss:rxBuffer</name>
         <uninitialized>true</uninitialized>
         <readwrite>true</readwrite>
         <run_address>0xa468</run_address>
         <size>0x14</size>
         <alignment>0x1</alignment>
         <input_file_ref idref="fl-9"/>
      </object_component>
      <object_component id="oc-32e">
         <name>.const:.string:_ctypes_</name>
         <load_address>0xa000</load_address>
         <readonly>true</readonly>
         <run_address>0xa000</run_address>
         <size>0x101</size>
         <alignment>0x1</alignment>
         <input_file_ref idref="fl-3c"/>
      </object_component>
      <object_component id="oc-239">
         <name>.const:.string</name>
         <load_address>0xa102</load_address>
         <readonly>true</readonly>
         <run_address>0xa102</run_address>
         <size>0x9a</size>
         <alignment>0x2</alignment>
         <input_file_ref idref="fl-16"/>
      </object_component>
      <object_component id="oc-270">
         <name>.const:.string</name>
         <load_address>0xa19c</load_address>
         <readonly>true</readonly>
         <run_address>0xa19c</run_address>
         <size>0x98</size>
         <alignment>0x2</alignment>
         <input_file_ref idref="fl-13"/>
      </object_component>
      <object_component id="oc-294">
         <name>.const:.string</name>
         <load_address>0xa234</load_address>
         <readonly>true</readonly>
         <run_address>0xa234</run_address>
         <size>0x97</size>
         <alignment>0x2</alignment>
         <input_file_ref idref="fl-15"/>
      </object_component>
      <object_component id="oc-16a">
         <name>.const:.string</name>
         <load_address>0xa2cc</load_address>
         <readonly>true</readonly>
         <run_address>0xa2cc</run_address>
         <size>0x90</size>
         <alignment>0x2</alignment>
         <input_file_ref idref="fl-3"/>
      </object_component>
      <object_component id="oc-331">
         <name>.const:digits</name>
         <load_address>0xa35c</load_address>
         <readonly>true</readonly>
         <run_address>0xa35c</run_address>
         <size>0x40</size>
         <alignment>0x2</alignment>
         <input_file_ref idref="fl-2f"/>
      </object_component>
      <object_component id="oc-27a">
         <name>.const:.string</name>
         <load_address>0xa39c</load_address>
         <readonly>true</readonly>
         <run_address>0xa39c</run_address>
         <size>0x3f</size>
         <alignment>0x2</alignment>
         <input_file_ref idref="fl-8"/>
      </object_component>
      <object_component id="oc-28c">
         <name>.const:.string</name>
         <load_address>0xa3dc</load_address>
         <readonly>true</readonly>
         <run_address>0xa3dc</run_address>
         <size>0x3e</size>
         <alignment>0x2</alignment>
         <input_file_ref idref="fl-9"/>
      </object_component>
      <object_component id="oc-349">
         <name>.const:powerof10</name>
         <load_address>0xa41a</load_address>
         <readonly>true</readonly>
         <run_address>0xa41a</run_address>
         <size>0x24</size>
         <alignment>0x2</alignment>
         <input_file_ref idref="fl-2f"/>
      </object_component>
      <object_component id="oc-38a">
         <name>.const</name>
         <load_address>0xa440</load_address>
         <readonly>true</readonly>
         <run_address>0xa440</run_address>
         <size>0x1c</size>
         <alignment>0x2</alignment>
         <input_file_ref idref="fl-31"/>
      </object_component>
      <object_component id="oc-33e">
         <name>.const</name>
         <load_address>0xa45c</load_address>
         <readonly>true</readonly>
         <run_address>0xa45c</run_address>
         <size>0xc</size>
         <alignment>0x2</alignment>
         <input_file_ref idref="fl-2f"/>
      </object_component>
      <object_component id="oc-123">
         <name>.data</name>
         <load_address>0xa480</load_address>
         <readwrite>true</readwrite>
         <run_address>0xa480</run_address>
         <size>0x6</size>
         <alignment>0x2</alignment>
         <input_file_ref idref="fl-7"/>
      </object_component>
      <object_component id="oc-218">
         <name>.data</name>
         <load_address>0xa48d</load_address>
         <readwrite>true</readwrite>
         <run_address>0xa48d</run_address>
         <size>0x1</size>
         <alignment>0x1</alignment>
         <input_file_ref idref="fl-9"/>
      </object_component>
      <object_component id="oc-ce">
         <name>.data</name>
         <load_address>0xa486</load_address>
         <readwrite>true</readwrite>
         <run_address>0xa486</run_address>
         <size>0x6</size>
         <alignment>0x2</alignment>
         <input_file_ref idref="fl-2a"/>
      </object_component>
      <object_component id="oc-d1">
         <name>.data:_lock</name>
         <load_address>0xa47c</load_address>
         <readwrite>true</readwrite>
         <run_address>0xa47c</run_address>
         <size>0x2</size>
         <alignment>0x2</alignment>
         <input_file_ref idref="fl-2b"/>
      </object_component>
      <object_component id="oc-223">
         <name>.data:_unlock</name>
         <load_address>0xa47e</load_address>
         <readwrite>true</readwrite>
         <run_address>0xa47e</run_address>
         <size>0x2</size>
         <alignment>0x2</alignment>
         <input_file_ref idref="fl-2b"/>
      </object_component>
      <object_component id="oc-357">
         <name>.data</name>
         <load_address>0xa48c</load_address>
         <readwrite>true</readwrite>
         <run_address>0xa48c</run_address>
         <size>0x1</size>
         <alignment>0x1</alignment>
         <input_file_ref idref="fl-30"/>
      </object_component>
      <object_component id="oc-184">
         <name>.debug_types</name>
         <load_address>0x0</load_address>
         <run_address>0x0</run_address>
         <size>0x1178</size>
         <alignment>0x0</alignment>
         <input_file_ref idref="fl-3"/>
      </object_component>
      <object_component id="oc-238">
         <name>.debug_types</name>
         <load_address>0x0</load_address>
         <run_address>0x0</run_address>
         <size>0x0</size>
         <alignment>0x0</alignment>
         <input_file_ref idref="fl-4"/>
      </object_component>
      <object_component id="oc-127">
         <name>.debug_types</name>
         <load_address>0x0</load_address>
         <run_address>0x0</run_address>
         <size>0x0</size>
         <alignment>0x0</alignment>
         <input_file_ref idref="fl-7"/>
      </object_component>
      <object_component id="oc-1d6">
         <name>.debug_types</name>
         <load_address>0x1178</load_address>
         <run_address>0x1178</run_address>
         <size>0x881</size>
         <alignment>0x0</alignment>
         <input_file_ref idref="fl-8"/>
      </object_component>
      <object_component id="oc-1fc">
         <name>.debug_types</name>
         <load_address>0x19f9</load_address>
         <run_address>0x19f9</run_address>
         <size>0x3a4</size>
         <alignment>0x0</alignment>
         <input_file_ref idref="fl-9"/>
      </object_component>
      <object_component id="oc-269">
         <name>.debug_types</name>
         <load_address>0x1d9d</load_address>
         <run_address>0x1d9d</run_address>
         <size>0x356</size>
         <alignment>0x0</alignment>
         <input_file_ref idref="fl-13"/>
      </object_component>
      <object_component id="oc-57">
         <name>.debug_types</name>
         <load_address>0x0</load_address>
         <run_address>0x0</run_address>
         <size>0x0</size>
         <alignment>0x0</alignment>
         <input_file_ref idref="fl-14"/>
      </object_component>
      <object_component id="oc-2a2">
         <name>.debug_types</name>
         <load_address>0x20f3</load_address>
         <run_address>0x20f3</run_address>
         <size>0x284</size>
         <alignment>0x0</alignment>
         <input_file_ref idref="fl-15"/>
      </object_component>
      <object_component id="oc-254">
         <name>.debug_types</name>
         <load_address>0x2377</load_address>
         <run_address>0x2377</run_address>
         <size>0x716</size>
         <alignment>0x0</alignment>
         <input_file_ref idref="fl-16"/>
      </object_component>
      <object_component id="oc-95">
         <name>.debug_types</name>
         <load_address>0x0</load_address>
         <run_address>0x0</run_address>
         <size>0x0</size>
         <alignment>0x0</alignment>
         <input_file_ref idref="fl-25"/>
      </object_component>
      <object_component id="oc-e0">
         <name>.debug_types</name>
         <load_address>0x2a8d</load_address>
         <run_address>0x2a8d</run_address>
         <size>0x4e8</size>
         <alignment>0x0</alignment>
         <input_file_ref idref="fl-26"/>
      </object_component>
      <object_component id="oc-64">
         <name>.debug_types</name>
         <load_address>0x2f75</load_address>
         <run_address>0x2f75</run_address>
         <size>0x1f3</size>
         <alignment>0x0</alignment>
         <input_file_ref idref="fl-27"/>
      </object_component>
      <object_component id="oc-43">
         <name>.debug_types</name>
         <load_address>0x0</load_address>
         <run_address>0x0</run_address>
         <size>0x0</size>
         <alignment>0x0</alignment>
         <input_file_ref idref="fl-28"/>
      </object_component>
      <object_component id="oc-3b">
         <name>.debug_types</name>
         <load_address>0x3168</load_address>
         <run_address>0x3168</run_address>
         <size>0x191</size>
         <alignment>0x0</alignment>
         <input_file_ref idref="fl-29"/>
      </object_component>
      <object_component id="oc-d5">
         <name>.debug_types</name>
         <load_address>0x32f9</load_address>
         <run_address>0x32f9</run_address>
         <size>0xbf</size>
         <alignment>0x0</alignment>
         <input_file_ref idref="fl-2a"/>
      </object_component>
      <object_component id="oc-135">
         <name>.debug_types</name>
         <load_address>0x33b8</load_address>
         <run_address>0x33b8</run_address>
         <size>0x2f</size>
         <alignment>0x0</alignment>
         <input_file_ref idref="fl-2b"/>
      </object_component>
      <object_component id="oc-cd">
         <name>.debug_types</name>
         <load_address>0x33e7</load_address>
         <run_address>0x33e7</run_address>
         <size>0xe1</size>
         <alignment>0x0</alignment>
         <input_file_ref idref="fl-2c"/>
      </object_component>
      <object_component id="oc-2c0">
         <name>.debug_types</name>
         <load_address>0x34c8</load_address>
         <run_address>0x34c8</run_address>
         <size>0x5e</size>
         <alignment>0x0</alignment>
         <input_file_ref idref="fl-2d"/>
      </object_component>
      <object_component id="oc-35b">
         <name>.debug_types</name>
         <load_address>0x3526</load_address>
         <run_address>0x3526</run_address>
         <size>0x212</size>
         <alignment>0x0</alignment>
         <input_file_ref idref="fl-2f"/>
      </object_component>
      <object_component id="oc-39c">
         <name>.debug_types</name>
         <load_address>0x0</load_address>
         <run_address>0x0</run_address>
         <size>0x0</size>
         <alignment>0x0</alignment>
         <input_file_ref idref="fl-30"/>
      </object_component>
      <object_component id="oc-399">
         <name>.debug_types</name>
         <load_address>0x3738</load_address>
         <run_address>0x3738</run_address>
         <size>0xa4</size>
         <alignment>0x0</alignment>
         <input_file_ref idref="fl-31"/>
      </object_component>
      <object_component id="oc-5f">
         <name>.debug_types</name>
         <load_address>0x37dc</load_address>
         <run_address>0x37dc</run_address>
         <size>0xb8</size>
         <alignment>0x0</alignment>
         <input_file_ref idref="fl-3a"/>
      </object_component>
      <object_component id="oc-13a">
         <name>.debug_types</name>
         <load_address>0x0</load_address>
         <run_address>0x0</run_address>
         <size>0x0</size>
         <alignment>0x0</alignment>
         <input_file_ref idref="fl-3b"/>
      </object_component>
      <object_component id="oc-380">
         <name>.debug_types</name>
         <load_address>0x0</load_address>
         <run_address>0x0</run_address>
         <size>0x0</size>
         <alignment>0x0</alignment>
         <input_file_ref idref="fl-3c"/>
      </object_component>
      <object_component id="oc-3aa">
         <name>.debug_types</name>
         <load_address>0x0</load_address>
         <run_address>0x0</run_address>
         <size>0x0</size>
         <alignment>0x0</alignment>
         <input_file_ref idref="fl-3d"/>
      </object_component>
      <object_component id="oc-17e">
         <name>.debug_info</name>
         <load_address>0x0</load_address>
         <run_address>0x0</run_address>
         <size>0x153</size>
         <alignment>0x0</alignment>
         <input_file_ref idref="fl-3"/>
      </object_component>
      <object_component id="oc-178">
         <name>.debug_info</name>
         <load_address>0x153</load_address>
         <run_address>0x153</run_address>
         <size>0x157</size>
         <alignment>0x0</alignment>
         <input_file_ref idref="fl-3"/>
      </object_component>
      <object_component id="oc-155">
         <name>.debug_info</name>
         <load_address>0x2aa</load_address>
         <run_address>0x2aa</run_address>
         <size>0x18b</size>
         <alignment>0x0</alignment>
         <input_file_ref idref="fl-3"/>
      </object_component>
      <object_component id="oc-143">
         <name>.debug_info</name>
         <load_address>0x435</load_address>
         <run_address>0x435</run_address>
         <size>0x15e</size>
         <alignment>0x0</alignment>
         <input_file_ref idref="fl-3"/>
      </object_component>
      <object_component id="oc-15f">
         <name>.debug_info</name>
         <load_address>0x593</load_address>
         <run_address>0x593</run_address>
         <size>0x1b0</size>
         <alignment>0x0</alignment>
         <input_file_ref idref="fl-3"/>
      </object_component>
      <object_component id="oc-259">
         <name>.debug_info</name>
         <load_address>0x743</load_address>
         <run_address>0x743</run_address>
         <size>0x176</size>
         <alignment>0x0</alignment>
         <input_file_ref idref="fl-3"/>
      </object_component>
      <object_component id="oc-15b">
         <name>.debug_info</name>
         <load_address>0x8b9</load_address>
         <run_address>0x8b9</run_address>
         <size>0x1c3</size>
         <alignment>0x0</alignment>
         <input_file_ref idref="fl-3"/>
      </object_component>
      <object_component id="oc-187">
         <name>.debug_info</name>
         <load_address>0xa7c</load_address>
         <run_address>0xa7c</run_address>
         <size>0x1ba</size>
         <alignment>0x0</alignment>
         <input_file_ref idref="fl-3"/>
      </object_component>
      <object_component id="oc-ef">
         <name>.debug_info</name>
         <load_address>0xc36</load_address>
         <run_address>0xc36</run_address>
         <size>0x225</size>
         <alignment>0x0</alignment>
         <input_file_ref idref="fl-3"/>
      </object_component>
      <object_component id="oc-f5">
         <name>.debug_info</name>
         <load_address>0xe5b</load_address>
         <run_address>0xe5b</run_address>
         <size>0x16e</size>
         <alignment>0x0</alignment>
         <input_file_ref idref="fl-3"/>
      </object_component>
      <object_component id="oc-16e">
         <name>.debug_info</name>
         <load_address>0xfc9</load_address>
         <run_address>0xfc9</run_address>
         <size>0x15d</size>
         <alignment>0x0</alignment>
         <input_file_ref idref="fl-3"/>
      </object_component>
      <object_component id="oc-232">
         <name>.debug_info</name>
         <load_address>0x1126</load_address>
         <run_address>0x1126</run_address>
         <size>0x12f</size>
         <alignment>0x0</alignment>
         <input_file_ref idref="fl-4"/>
      </object_component>
      <object_component id="oc-147">
         <name>.debug_info</name>
         <load_address>0x1255</load_address>
         <run_address>0x1255</run_address>
         <size>0x131</size>
         <alignment>0x0</alignment>
         <input_file_ref idref="fl-4"/>
      </object_component>
      <object_component id="oc-1f">
         <name>.debug_info</name>
         <load_address>0x1386</load_address>
         <run_address>0x1386</run_address>
         <size>0x184</size>
         <alignment>0x0</alignment>
         <input_file_ref idref="fl-6"/>
      </object_component>
      <object_component id="oc-52">
         <name>.debug_info</name>
         <load_address>0x150a</load_address>
         <run_address>0x150a</run_address>
         <size>0x185</size>
         <alignment>0x0</alignment>
         <input_file_ref idref="fl-6"/>
      </object_component>
      <object_component id="oc-124">
         <name>.debug_info</name>
         <load_address>0x168f</load_address>
         <run_address>0x168f</run_address>
         <size>0x118</size>
         <alignment>0x0</alignment>
         <input_file_ref idref="fl-7"/>
      </object_component>
      <object_component id="oc-c7">
         <name>.debug_info</name>
         <load_address>0x17a7</load_address>
         <run_address>0x17a7</run_address>
         <size>0x1c7</size>
         <alignment>0x0</alignment>
         <input_file_ref idref="fl-7"/>
      </object_component>
      <object_component id="oc-1d0">
         <name>.debug_info</name>
         <load_address>0x196e</load_address>
         <run_address>0x196e</run_address>
         <size>0x1b0</size>
         <alignment>0x0</alignment>
         <input_file_ref idref="fl-8"/>
      </object_component>
      <object_component id="oc-1a6">
         <name>.debug_info</name>
         <load_address>0x1b1e</load_address>
         <run_address>0x1b1e</run_address>
         <size>0x1b2</size>
         <alignment>0x0</alignment>
         <input_file_ref idref="fl-8"/>
      </object_component>
      <object_component id="oc-275">
         <name>.debug_info</name>
         <load_address>0x1cd0</load_address>
         <run_address>0x1cd0</run_address>
         <size>0x172</size>
         <alignment>0x0</alignment>
         <input_file_ref idref="fl-8"/>
      </object_component>
      <object_component id="oc-1be">
         <name>.debug_info</name>
         <load_address>0x1e42</load_address>
         <run_address>0x1e42</run_address>
         <size>0x1c0</size>
         <alignment>0x0</alignment>
         <input_file_ref idref="fl-8"/>
      </object_component>
      <object_component id="oc-1b2">
         <name>.debug_info</name>
         <load_address>0x2002</load_address>
         <run_address>0x2002</run_address>
         <size>0x203</size>
         <alignment>0x0</alignment>
         <input_file_ref idref="fl-8"/>
      </object_component>
      <object_component id="oc-1ac">
         <name>.debug_info</name>
         <load_address>0x2205</load_address>
         <run_address>0x2205</run_address>
         <size>0x1d4</size>
         <alignment>0x0</alignment>
         <input_file_ref idref="fl-8"/>
      </object_component>
      <object_component id="oc-1b8">
         <name>.debug_info</name>
         <load_address>0x23d9</load_address>
         <run_address>0x23d9</run_address>
         <size>0x1ca</size>
         <alignment>0x0</alignment>
         <input_file_ref idref="fl-8"/>
      </object_component>
      <object_component id="oc-1c4">
         <name>.debug_info</name>
         <load_address>0x25a3</load_address>
         <run_address>0x25a3</run_address>
         <size>0x218</size>
         <alignment>0x0</alignment>
         <input_file_ref idref="fl-8"/>
      </object_component>
      <object_component id="oc-1ca">
         <name>.debug_info</name>
         <load_address>0x27bb</load_address>
         <run_address>0x27bb</run_address>
         <size>0x244</size>
         <alignment>0x0</alignment>
         <input_file_ref idref="fl-8"/>
      </object_component>
      <object_component id="oc-104">
         <name>.debug_info</name>
         <load_address>0x29ff</load_address>
         <run_address>0x29ff</run_address>
         <size>0x262</size>
         <alignment>0x0</alignment>
         <input_file_ref idref="fl-8"/>
      </object_component>
      <object_component id="oc-11f">
         <name>.debug_info</name>
         <load_address>0x2c61</load_address>
         <run_address>0x2c61</run_address>
         <size>0x16e</size>
         <alignment>0x0</alignment>
         <input_file_ref idref="fl-8"/>
      </object_component>
      <object_component id="oc-219">
         <name>.debug_info</name>
         <load_address>0x2dcf</load_address>
         <run_address>0x2dcf</run_address>
         <size>0xe4</size>
         <alignment>0x0</alignment>
         <input_file_ref idref="fl-9"/>
      </object_component>
      <object_component id="oc-20b">
         <name>.debug_info</name>
         <load_address>0x2eb3</load_address>
         <run_address>0x2eb3</run_address>
         <size>0xea</size>
         <alignment>0x0</alignment>
         <input_file_ref idref="fl-9"/>
      </object_component>
      <object_component id="oc-289">
         <name>.debug_info</name>
         <load_address>0x2f9d</load_address>
         <run_address>0x2f9d</run_address>
         <size>0x16e</size>
         <alignment>0x0</alignment>
         <input_file_ref idref="fl-9"/>
      </object_component>
      <object_component id="oc-1f8">
         <name>.debug_info</name>
         <load_address>0x310b</load_address>
         <run_address>0x310b</run_address>
         <size>0x18e</size>
         <alignment>0x0</alignment>
         <input_file_ref idref="fl-9"/>
      </object_component>
      <object_component id="oc-1eb">
         <name>.debug_info</name>
         <load_address>0x3299</load_address>
         <run_address>0x3299</run_address>
         <size>0x190</size>
         <alignment>0x0</alignment>
         <input_file_ref idref="fl-9"/>
      </object_component>
      <object_component id="oc-200">
         <name>.debug_info</name>
         <load_address>0x3429</load_address>
         <run_address>0x3429</run_address>
         <size>0x19c</size>
         <alignment>0x0</alignment>
         <input_file_ref idref="fl-9"/>
      </object_component>
      <object_component id="oc-2b2">
         <name>.debug_info</name>
         <load_address>0x35c5</load_address>
         <run_address>0x35c5</run_address>
         <size>0x194</size>
         <alignment>0x0</alignment>
         <input_file_ref idref="fl-9"/>
      </object_component>
      <object_component id="oc-207">
         <name>.debug_info</name>
         <load_address>0x3759</load_address>
         <run_address>0x3759</run_address>
         <size>0x1d4</size>
         <alignment>0x0</alignment>
         <input_file_ref idref="fl-9"/>
      </object_component>
      <object_component id="oc-1df">
         <name>.debug_info</name>
         <load_address>0x392d</load_address>
         <run_address>0x392d</run_address>
         <size>0x19e</size>
         <alignment>0x0</alignment>
         <input_file_ref idref="fl-9"/>
      </object_component>
      <object_component id="oc-108">
         <name>.debug_info</name>
         <load_address>0x3acb</load_address>
         <run_address>0x3acb</run_address>
         <size>0x21a</size>
         <alignment>0x0</alignment>
         <input_file_ref idref="fl-9"/>
      </object_component>
      <object_component id="oc-10d">
         <name>.debug_info</name>
         <load_address>0x3ce5</load_address>
         <run_address>0x3ce5</run_address>
         <size>0x130</size>
         <alignment>0x0</alignment>
         <input_file_ref idref="fl-9"/>
      </object_component>
      <object_component id="oc-113">
         <name>.debug_info</name>
         <load_address>0x3e15</load_address>
         <run_address>0x3e15</run_address>
         <size>0x17a</size>
         <alignment>0x0</alignment>
         <input_file_ref idref="fl-9"/>
      </object_component>
      <object_component id="oc-26b">
         <name>.debug_info</name>
         <load_address>0x3f8f</load_address>
         <run_address>0x3f8f</run_address>
         <size>0x1ca</size>
         <alignment>0x0</alignment>
         <input_file_ref idref="fl-13"/>
      </object_component>
      <object_component id="oc-19b">
         <name>.debug_info</name>
         <load_address>0x4159</load_address>
         <run_address>0x4159</run_address>
         <size>0x242</size>
         <alignment>0x0</alignment>
         <input_file_ref idref="fl-13"/>
      </object_component>
      <object_component id="oc-1a0">
         <name>.debug_info</name>
         <load_address>0x439b</load_address>
         <run_address>0x439b</run_address>
         <size>0x22b</size>
         <alignment>0x0</alignment>
         <input_file_ref idref="fl-13"/>
      </object_component>
      <object_component id="oc-1d8">
         <name>.debug_info</name>
         <load_address>0x45c6</load_address>
         <run_address>0x45c6</run_address>
         <size>0x273</size>
         <alignment>0x0</alignment>
         <input_file_ref idref="fl-13"/>
      </object_component>
      <object_component id="oc-195">
         <name>.debug_info</name>
         <load_address>0x4839</load_address>
         <run_address>0x4839</run_address>
         <size>0x214</size>
         <alignment>0x0</alignment>
         <input_file_ref idref="fl-13"/>
      </object_component>
      <object_component id="oc-18d">
         <name>.debug_info</name>
         <load_address>0x4a4d</load_address>
         <run_address>0x4a4d</run_address>
         <size>0x1c5</size>
         <alignment>0x0</alignment>
         <input_file_ref idref="fl-14"/>
      </object_component>
      <object_component id="oc-fb">
         <name>.debug_info</name>
         <load_address>0x4c12</load_address>
         <run_address>0x4c12</run_address>
         <size>0x1d4</size>
         <alignment>0x0</alignment>
         <input_file_ref idref="fl-14"/>
      </object_component>
      <object_component id="oc-2a">
         <name>.debug_info</name>
         <load_address>0x4de6</load_address>
         <run_address>0x4de6</run_address>
         <size>0x1e1</size>
         <alignment>0x0</alignment>
         <input_file_ref idref="fl-14"/>
      </object_component>
      <object_component id="oc-2f">
         <name>.debug_info</name>
         <load_address>0x4fc7</load_address>
         <run_address>0x4fc7</run_address>
         <size>0x1c7</size>
         <alignment>0x0</alignment>
         <input_file_ref idref="fl-14"/>
      </object_component>
      <object_component id="oc-34">
         <name>.debug_info</name>
         <load_address>0x518e</load_address>
         <run_address>0x518e</run_address>
         <size>0x1ad</size>
         <alignment>0x0</alignment>
         <input_file_ref idref="fl-14"/>
      </object_component>
      <object_component id="oc-26">
         <name>.debug_info</name>
         <load_address>0x533b</load_address>
         <run_address>0x533b</run_address>
         <size>0x1d1</size>
         <alignment>0x0</alignment>
         <input_file_ref idref="fl-14"/>
      </object_component>
      <object_component id="oc-28f">
         <name>.debug_info</name>
         <load_address>0x550c</load_address>
         <run_address>0x550c</run_address>
         <size>0x1ca</size>
         <alignment>0x0</alignment>
         <input_file_ref idref="fl-15"/>
      </object_component>
      <object_component id="oc-29c">
         <name>.debug_info</name>
         <load_address>0x56d6</load_address>
         <run_address>0x56d6</run_address>
         <size>0x1ea</size>
         <alignment>0x0</alignment>
         <input_file_ref idref="fl-15"/>
      </object_component>
      <object_component id="oc-296">
         <name>.debug_info</name>
         <load_address>0x58c0</load_address>
         <run_address>0x58c0</run_address>
         <size>0x1ec</size>
         <alignment>0x0</alignment>
         <input_file_ref idref="fl-15"/>
      </object_component>
      <object_component id="oc-2a5">
         <name>.debug_info</name>
         <load_address>0x5aac</load_address>
         <run_address>0x5aac</run_address>
         <size>0x1fa</size>
         <alignment>0x0</alignment>
         <input_file_ref idref="fl-15"/>
      </object_component>
      <object_component id="oc-1e4">
         <name>.debug_info</name>
         <load_address>0x5ca6</load_address>
         <run_address>0x5ca6</run_address>
         <size>0x27a</size>
         <alignment>0x0</alignment>
         <input_file_ref idref="fl-15"/>
      </object_component>
      <object_component id="oc-1f0">
         <name>.debug_info</name>
         <load_address>0x5f20</load_address>
         <run_address>0x5f20</run_address>
         <size>0x22d</size>
         <alignment>0x0</alignment>
         <input_file_ref idref="fl-15"/>
      </object_component>
      <object_component id="oc-2da">
         <name>.debug_info</name>
         <load_address>0x614d</load_address>
[...]
         <origin>0x82000</origin>
         <length>0x1000</length>
         <used_space>0x0</used_space>
         <unused_space>0x1000</unused_space>
         <attributes>RWIX</attributes>
         <usage_details>
         </usage_details>
      </memory_area>
      <memory_area display="yes" color="green">
         <name>FLASH_BANK0_SEC3</name>
         <page_id>0x0</page_id>
         <origin>0x83000</origin>
         <length>0x1000</length>
         <used_space>0x0</used_space>
         <unused_space>0x1000</unused_space>
         <attributes>RWIX</attributes>
         <usage_details>
         </usage_details>
      </memory_area>
      <memory_area display="yes" color="green">
         <name>FLASH_BANK0_SEC4</name>
         <page_id>0x0</page_id>
         <origin>0x84000</origin>
         <length>0x1000</length>
         <used_space>0x0</used_space>
         <unused_space>0x1000</unused_space>
         <attributes>RWIX</attributes>
         <usage_details>
         </usage_details>
      </memory_area>
      <memory_area display="yes" color="green">
         <name>FLASH_BANK0_SEC5</name>
         <page_id>0x0</page_id>
         <origin>0x85000</origin>
         <length>0x1000</length>
         <used_space>0x0</used_space>
         <unused_space>0x1000</unused_space>
         <attributes>RWIX</attributes>
         <usage_details>
         </usage_details>
      </memory_area>
      <memory_area display="yes" color="green">
         <name>FLASH_BANK0_SEC6</name>
         <page_id>0x0</page_id>
         <origin>0x86000</origin>
         <length>0x1000</length>
         <used_space>0x0</used_space>
         <unused_space>0x1000</unused_space>
         <attributes>RWIX</attributes>
         <usage_details>
         </usage_details>
      </memory_area>
      <memory_area display="yes" color="green">
         <name>FLASH_BANK0_SEC7</name>
         <page_id>0x0</page_id>
         <origin>0x87000</origin>
         <length>0x1000</length>
         <used_space>0x0</used_space>
         <unused_space>0x1000</unused_space>
         <attributes>RWIX</attributes>
         <usage_details>
         </usage_details>
      </memory_area>
      <memory_area display="yes" color="green">
         <name>FLASH_BANK0_SEC8</name>
         <page_id>0x0</page_id>
         <origin>0x88000</origin>
         <length>0x1000</length>
         <used_space>0x0</used_space>
         <unused_space>0x1000</unused_space>
         <attributes>RWIX</attributes>
         <usage_details>
         </usage_details>
      </memory_area>
      <memory_area display="yes" color="green">
         <name>FLASH_BANK0_SEC9</name>
         <page_id>0x0</page_id>
         <origin>0x89000</origin>
         <length>0x1000</length>
         <used_space>0x0</used_space>
         <unused_space>0x1000</unused_space>
         <attributes>RWIX</attributes>
         <usage_details>
         </usage_details>
      </memory_area>
      <memory_area display="yes" color="green">
         <name>FLASH_BANK0_SEC10</name>
         <page_id>0x0</page_id>
         <origin>0x8a000</origin>
         <length>0x1000</length>
         <used_space>0x0</used_space>
         <unused_space>0x1000</unused_space>
         <attributes>RWIX</attributes>
         <usage_details>
         </usage_details>
      </memory_area>
      <memory_area display="yes" color="green">
         <name>FLASH_BANK0_SEC11</name>
         <page_id>0x0</page_id>
         <origin>0x8b000</origin>
         <length>0x1000</length>
         <used_space>0x0</used_space>
         <unused_space>0x1000</unused_space>
         <attributes>RWIX</attributes>
         <usage_details>
         </usage_details>
      </memory_area>
      <memory_area display="yes" color="green">
         <name>FLASH_BANK0_SEC12</name>
         <page_id>0x0</page_id>
         <origin>0x8c000</origin>
         <length>0x1000</length>
         <used_space>0x0</used_space>
         <unused_space>0x1000</unused_space>
         <attributes>RWIX</attributes>
         <usage_details>
         </usage_details>
      </memory_area>
      <memory_area display="yes" color="green">
         <name>FLASH_BANK0_SEC13</name>
         <page_id>0x0</page_id>
         <origin>0x8d000</origin>
         <length>0x1000</length>
         <used_space>0x0</used_space>
         <unused_space>0x1000</unused_space>
         <attributes>RWIX</attributes>
         <usage_details>
         </usage_details>
      </memory_area>
      <memory_area display="yes" color="green">
         <name>FLASH_BANK0_SEC14</name>
         <page_id>0x0</page_id>
         <origin>0x8e000</origin>
         <length>0x1000</length>
         <used_space>0x0</used_space>
         <unused_space>0x1000</unused_space>
         <attributes>RWIX</attributes>
         <usage_details>
         </usage_details>
      </memory_area>
      <memory_area display="yes" color="green">
         <name>FLASH_BANK0_SEC15</name>
         <page_id>0x0</page_id>
         <origin>0x8f000</origin>
         <length>0xff0</length>
         <used_space>0x0</used_space>
         <unused_space>0xff0</unused_space>
         <attributes>RWIX</attributes>
         <usage_details>
         </usage_details>
      </memory_area>
      <memory_area display="no" color="green">
         <name>RESET</name>
         <page_id>0x0</page_id>
         <origin>0x3fffc0</origin>
         <length>0x2</length>
         <used_space>0x0</used_space>
         <unused_space>0x2</unused_space>
         <attributes>RWIX</attributes>
         <usage_details>
         </usage_details>
      </memory_area>
   </placement_map>
   <cptbl_list>
      <cptbl>
         <name>__TI_cinit_table</name>
         <cprec>
            <name>.data</name>
            <load_address>0x12c</load_address>
            <load_size>0xd</load_size>
            <run_address>0xa47c</run_address>
            <run_size>0x12</run_size>
            <compression>lzss</compression>
         </cprec>
         <cprec>
            <name>.bss</name>
            <load_address>0x140</load_address>
            <load_size>0x4</load_size>
            <run_address>0xa468</run_address>
            <run_size>0x14</run_size>
            <compression>zero_init</compression>
         </cprec>
      </cptbl>
   </cptbl_list>
   <handler_table>
      <handler_table_name>__TI_handler_table</handler_table_name>
      <handler>
         <index>0x0</index>
         <name>__TI_zero_init</name>
      </handler>
      <handler>
         <index>0x1</index>
         <name>__TI_decompress_lzss</name>
      </handler>
      <handler>
         <index>0x2</index>
         <name>__TI_decompress_none</name>
      </handler>
   </handler_table>
   <symbol_table>
      <symbol id="sm-1">
         <name>__TI_CINIT_Base</name>
         <value>0x144</value>
      </symbol>
      <symbol id="sm-2">
         <name>__TI_CINIT_Limit</name>
         <value>0x14c</value>
      </symbol>
      <symbol id="sm-3">
         <name>__TI_CINIT_Warm</name>
         <value>0x14c</value>
      </symbol>
      <symbol id="sm-4">
         <name>__TI_Handler_Table_Base</name>
         <value>0x13a</value>
      </symbol>
      <symbol id="sm-5">
         <name>__TI_Handler_Table_Limit</name>
         <value>0x140</value>
      </symbol>
      <symbol id="sm-6">
         <name>__TI_STACK_SIZE</name>
         <value>0x200</value>
      </symbol>
      <symbol id="sm-7">
         <name>__TI_STACK_END</name>
         <value>0x600</value>
      </symbol>
      <symbol id="sm-8">
         <name>__c_args__</name>
         <value>0xffffffff</value>
      </symbol>
      <symbol id="sm-9">
         <name>__TI_pprof_out_hndl</name>
         <value>0xffffffff</value>
      </symbol>
      <symbol id="sm-a">
         <name>__TI_prof_data_start</name>
         <value>0xffffffff</value>
      </symbol>
      <symbol id="sm-b">
         <name>__TI_prof_data_size</name>
         <value>0xffffffff</value>
      </symbol>
      <symbol id="sm-8a">
         <name>Device_initGPIO</name>
         <value>0xadfd</value>
         <object_component_ref idref="oc-f4"/>
      </symbol>
      <symbol id="sm-8b">
         <name>Device_init</name>
         <value>0xa65b</value>
         <object_component_ref idref="oc-ee"/>
      </symbol>
      <symbol id="sm-8c">
         <name>__error__</name>
         <value>0xaebc</value>
         <object_component_ref idref="oc-16b"/>
      </symbol>
      <symbol id="sm-a0">
         <name>generic_ram_lnk_init</name>
         <value>0xc7f7</value>
         <object_component_ref idref="oc-231"/>
      </symbol>
      <symbol id="sm-a1">
         <name>CMD_init</name>
         <value>0xaec7</value>
         <object_component_ref idref="oc-146"/>
      </symbol>
      <symbol id="sm-b1">
         <name>code_start</name>
         <value>0x0</value>
         <object_component_ref idref="oc-1c"/>
      </symbol>
      <symbol id="sm-c6">
         <name>Vin</name>
         <value>0xa480</value>
         <object_component_ref idref="oc-123"/>
      </symbol>
      <symbol id="sm-c7">
         <name>Duty</name>
         <value>0xa484</value>
         <object_component_ref idref="oc-123"/>
      </symbol>
      <symbol id="sm-c8">
         <name>Vout</name>
         <value>0xa482</value>
         <object_component_ref idref="oc-123"/>
      </symbol>
      <symbol id="sm-c9">
         <name>main</name>
         <value>0xa86e</value>
         <object_component_ref idref="oc-c6"/>
      </symbol>
      <symbol id="sm-136">
         <name>PWM_SetDuty</name>
         <value>0xaa1e</value>
         <object_component_ref idref="oc-11d"/>
      </symbol>
      <symbol id="sm-137">
         <name>PWM_init</name>
         <value>0xa617</value>
         <object_component_ref idref="oc-100"/>
      </symbol>
      <symbol id="sm-1a6">
         <name>UART_ReadFloat</name>
         <value>0xa8a3</value>
         <object_component_ref idref="oc-112"/>
      </symbol>
      <symbol id="sm-1a7">
         <name>UART_Available</name>
         <value>0xc7f2</value>
         <object_component_ref idref="oc-10c"/>
      </symbol>
      <symbol id="sm-1a8">
         <name>UART_init</name>
         <value>0xa71b</value>
         <object_component_ref idref="oc-106"/>
      </symbol>
      <symbol id="sm-1e4">
         <name>GPIO_setQualificationMode</name>
         <value>0xa837</value>
         <object_component_ref idref="oc-1d7"/>
      </symbol>
      <symbol id="sm-1e5">
         <name>GPIO_setPadConfig</name>
         <value>0xa4f3</value>
         <object_component_ref idref="oc-19f"/>
      </symbol>
      <symbol id="sm-1e6">
         <name>GPIO_setDirectionMode</name>
         <value>0xa8d5</value>
         <object_component_ref idref="oc-199"/>
      </symbol>
      <symbol id="sm-1e7">
         <name>GPIO_setPinConfig</name>
         <value>0xa800</value>
         <object_component_ref idref="oc-193"/>
      </symbol>
      <symbol id="sm-221">
         <name>Interrupt_defaultHandler</name>
         <value>0xac98</value>
         <object_component_ref idref="oc-21"/>
      </symbol>
      <symbol id="sm-222">
         <name>Interrupt_initModule</name>
         <value>0xa798</value>
         <object_component_ref idref="oc-fa"/>
      </symbol>
      <symbol id="sm-223">
         <name>Interrupt_nmiHandler</name>
         <value>0xae82</value>
         <object_component_ref idref="oc-33"/>
      </symbol>
      <symbol id="sm-224">
         <name>Interrupt_initVectorTable</name>
         <value>0xab07</value>
         <object_component_ref idref="oc-23"/>
      </symbol>
      <symbol id="sm-225">
         <name>Interrupt_illegalOperationHandler</name>
         <value>0xae78</value>
         <object_component_ref idref="oc-2d"/>
      </symbol>
      <symbol id="sm-269">
         <name>SCI_clearInterruptStatus</name>
         <value>0xa5d2</value>
         <object_component_ref idref="oc-1ef"/>
      </symbol>
      <symbol id="sm-26a">
         <name>SCI_setConfig</name>
         <value>0xa75a</value>
         <object_component_ref idref="oc-1e3"/>
      </symbol>
      <symbol id="sm-37b">
         <name>SysCtl_isPLLValid</name>
         <value>0xc3a6</value>
         <object_component_ref idref="oc-24d"/>
      </symbol>
      <symbol id="sm-37c">
         <name>SysCtl_delay</name>
         <value>0x128</value>
         <object_component_ref idref="oc-240"/>
      </symbol>
      <symbol id="sm-37d">
         <name>SysCtl_selectXTALSingleEnded</name>
         <value>0xa9d5</value>
         <object_component_ref idref="oc-2d1"/>
      </symbol>
      <symbol id="sm-37e">
         <name>SysCtl_selectXTAL</name>
         <value>0xa58c</value>
         <object_component_ref idref="oc-2cb"/>
      </symbol>
      <symbol id="sm-37f">
         <name>SysCtl_selectOscSource</name>
         <value>0xa545</value>
         <object_component_ref idref="oc-241"/>
      </symbol>
      <symbol id="sm-380">
         <name>SysCtl_getLowSpeedClock</name>
         <value>0xab7a</value>
         <object_component_ref idref="oc-171"/>
      </symbol>
      <symbol id="sm-381">
         <name>SysCtl_setClock</name>
         <value>0xc283</value>
         <object_component_ref idref="oc-14c"/>
      </symbol>
      <symbol id="sm-382">
         <name>SysCtl_getClock</name>
         <value>0xa48e</value>
         <object_component_ref idref="oc-164"/>
      </symbol>
      <symbol id="sm-38c">
         <name>_c_int00</name>
         <value>0xac6b</value>
         <object_component_ref idref="oc-6c"/>
      </symbol>
      <symbol id="sm-38d">
         <name>__stack</name>
         <value>0x400</value>
         <object_component_ref idref="oc-39"/>
      </symbol>
      <symbol id="sm-39a">
         <name>__c28xabi_divf</name>
         <value>0xc674</value>
         <object_component_ref idref="oc-118"/>
      </symbol>
      <symbol id="sm-3a6">
         <name>__c28xabi_dtof</name>
         <value>0xaa66</value>
         <object_component_ref idref="oc-213"/>
      </symbol>
      <symbol id="sm-3b3">
         <name>_system_pre_init</name>
         <value>0xaeca</value>
         <object_component_ref idref="oc-7d"/>
      </symbol>
      <symbol id="sm-3c2">
         <name>__TI_auto_init_nobinit_nopinit</name>
         <value>0xa7d5</value>
         <object_component_ref idref="oc-96"/>
      </symbol>
      <symbol id="sm-3d1">
         <name>__TI_zero_init_nomemset</name>
         <value>0xae55</value>
         <object_component_ref idref="oc-44"/>
      </symbol>
      <symbol id="sm-3de">
         <name>__TI_decompress_none</name>
         <value>0xae9e</value>
         <object_component_ref idref="oc-15"/>
      </symbol>
      <symbol id="sm-3f2">
         <name>__TI_decompress_lzss</name>
         <value>0xa906</value>
         <object_component_ref idref="oc-f"/>
      </symbol>
      <symbol id="sm-408">
         <name>C$$EXIT</name>
         <value>0xa95e</value>
         <object_component_ref idref="oc-8a"/>
      </symbol>
      <symbol id="sm-409">
         <name>abort</name>
         <value>0xa95e</value>
         <object_component_ref idref="oc-8a"/>
      </symbol>
      <symbol id="sm-40a">
         <name>exit</name>
         <value>0xa960</value>
         <object_component_ref idref="oc-8a"/>
      </symbol>
      <symbol id="sm-40b">
         <name>__TI_dtors_ptr</name>
         <value>0xa48a</value>
         <object_component_ref idref="oc-ce"/>
      </symbol>
      <symbol id="sm-40c">
         <name>__TI_cleanup_ptr</name>
         <value>0xa488</value>
         <object_component_ref idref="oc-ce"/>
      </symbol>
      <symbol id="sm-40d">
         <name>__TI_enable_exit_profile_output</name>
         <value>0xa486</value>
         <object_component_ref idref="oc-ce"/>
      </symbol>
      <symbol id="sm-424">
         <name>_nop</name>
         <value>0xae94</value>
         <object_component_ref idref="oc-12d"/>
      </symbol>
      <symbol id="sm-425">
         <name>_lock</name>
         <value>0xa47c</value>
         <object_component_ref idref="oc-d1"/>
      </symbol>
      <symbol id="sm-426">
         <name>_unlock</name>
         <value>0xa47e</value>
         <object_component_ref idref="oc-223"/>
      </symbol>
      <symbol id="sm-427">
         <name>_register_lock</name>
         <value>0xae90</value>
         <object_component_ref idref="oc-12d"/>
      </symbol>
      <symbol id="sm-428">
         <name>_register_unlock</name>
         <value>0xae8c</value>
         <object_component_ref idref="oc-12d"/>
      </symbol>
      <symbol id="sm-437">
         <name>_args_main</name>
         <value>0xaddb</value>
         <object_component_ref idref="oc-84"/>
      </symbol>
      <symbol id="sm-444">
         <name>atof</name>
         <value>0xaec3</value>
         <object_component_ref idref="oc-20d"/>
      </symbol>
      <symbol id="sm-4b2">
         <name>strtold</name>
         <value>0xc000</value>
         <object_component_ref idref="oc-2b9"/>
      </symbol>
      <symbol id="sm-4b3">
         <name>strtod</name>
         <value>0xc000</value>
         <object_component_ref idref="oc-2b9"/>
      </symbol>
      <symbol id="sm-4be">
         <name>errno</name>
         <value>0xa48c</value>
         <object_component_ref idref="oc-357"/>
      </symbol>
      <symbol id="sm-4e0">
         <name>scalbn</name>
         <value>0xc4a4</value>
         <object_component_ref idref="oc-351"/>
      </symbol>
      <symbol id="sm-4e1">
         <name>scalbnl</name>
         <value>0xc4a4</value>
         <object_component_ref idref="oc-351"/>
      </symbol>
      <symbol id="sm-4e2">
         <name>ldexpl</name>
         <value>0xc4a4</value>
         <object_component_ref idref="oc-351"/>
      </symbol>
      <symbol id="sm-4e3">
         <name>ldexp</name>
         <value>0xc4a4</value>
         <object_component_ref idref="oc-351"/>
      </symbol>
      <symbol id="sm-4fa">
         <name>__c28xabi_addd</name>
         <value>0xc54d</value>
         <object_component_ref idref="oc-339"/>
      </symbol>
      <symbol id="sm-506">
         <name>__c28xabi_cmpd</name>
         <value>0xa934</value>
         <object_component_ref idref="oc-33f"/>
      </symbol>
      <symbol id="sm-514">
         <name>__c28xabi_mpyd</name>
         <value>0xc6fc</value>
         <object_component_ref idref="oc-334"/>
      </symbol>
      <symbol id="sm-51d">
         <name>__c28xabi_negd</name>
         <value>0xae95</value>
         <object_component_ref idref="oc-344"/>
      </symbol>
      <symbol id="sm-525">
         <name>__c28xabi_orll</name>
         <value>0xac2d</value>
         <object_component_ref idref="oc-38d"/>
      </symbol>
      <symbol id="sm-526">
         <name>__c28xabi_xorll</name>
         <value>0xac35</value>
         <object_component_ref idref="oc-38d"/>
      </symbol>
      <symbol id="sm-527">
         <name>__c28xabi_andll</name>
         <value>0xac25</value>
         <object_component_ref idref="oc-38d"/>
      </symbol>
      <symbol id="sm-53b">
         <name>__c28xabi_divd</name>
         <value>0xc5e9</value>
         <object_component_ref idref="oc-34c"/>
      </symbol>
      <symbol id="sm-54e">
         <name>memcpy</name>
         <value>0xaaab</value>
         <object_component_ref idref="oc-3c"/>
      </symbol>
      <symbol id="sm-55b">
         <name>_system_post_cinit</name>
         <value>0xaecc</value>
         <object_component_ref idref="oc-d9"/>
      </symbol>
      <symbol id="sm-566">
         <name>_ctypes_</name>
         <value>0xa000</value>
         <object_component_ref idref="oc-32e"/>
      </symbol>
      <symbol id="sm-574">
         <name>copysign</name>
         <value>0xaa42</value>
         <object_component_ref idref="oc-392"/>
      </symbol>
      <symbol id="sm-575">
         <name>copysignl</name>
         <value>0xaa42</value>
         <object_component_ref idref="oc-392"/>
      </symbol>
   </symbol_table>
   <title>Link successful</title>
</link_info>
