******************************************************************************
             TMS320C2000 Linker PC v25.11.1                    
******************************************************************************
>> Linked Thu Jul 16 17:19:42 2026

OUTPUT FILE NAME:   <led_ex1_blinky.out>
ENTRY POINT SYMBOL: "code_start"  address: 00000000


MEMORY CONFIGURATION

         name            origin    length      used     unused   attr    fill
----------------------  --------  ---------  --------  --------  ----  --------
  RAMM0_BEGIN           00000000   00000002  00000002  00000000  RWIX
  RAMM0                 00000128   000002d8  00000024  000002b4  RWIX
  RAMM1                 00000400   000003f8  00000200  000001f8  RWIX
  RAMLS4                0000a000   00000800  00000800  00000000  RWIX
  RAMLS5                0000a800   00000800  000006cd  00000133  RWIX
  RAMLS6                0000b000   00000800  00000000  00000800  RWIX
  RAMLS7                0000b800   00000800  00000000  00000800  RWIX
  RAMGS0                0000c000   000007f8  000007f8  00000000  RWIX
  FLASH_BANK0_SEC0      00080000   00001000  00000000  00001000  RWIX
  FLASH_BANK0_SEC1      00081000   00001000  00000000  00001000  RWIX
  FLASH_BANK0_SEC2      00082000   00001000  00000000  00001000  RWIX
  FLASH_BANK0_SEC3      00083000   00001000  00000000  00001000  RWIX
  FLASH_BANK0_SEC4      00084000   00001000  00000000  00001000  RWIX
  FLASH_BANK0_SEC5      00085000   00001000  00000000  00001000  RWIX
  FLASH_BANK0_SEC6      00086000   00001000  00000000  00001000  RWIX
  FLASH_BANK0_SEC7      00087000   00001000  00000000  00001000  RWIX
  FLASH_BANK0_SEC8      00088000   00001000  00000000  00001000  RWIX
  FLASH_BANK0_SEC9      00089000   00001000  00000000  00001000  RWIX
  FLASH_BANK0_SEC10     0008a000   00001000  00000000  00001000  RWIX
  FLASH_BANK0_SEC11     0008b000   00001000  00000000  00001000  RWIX
  FLASH_BANK0_SEC12     0008c000   00001000  00000000  00001000  RWIX
  FLASH_BANK0_SEC13     0008d000   00001000  00000000  00001000  RWIX
  FLASH_BANK0_SEC14     0008e000   00001000  00000000  00001000  RWIX
  FLASH_BANK0_SEC15     0008f000   00000ff0  00000000  00000ff0  RWIX
  RESET                 003fffc0   00000002  00000000  00000002  RWIX


SECTION ALLOCATION MAP

 output                                  attributes/
section   page    origin      length       input sections
--------  ----  ----------  ----------   ----------------
.reset     0    003fffc0    00000000     DSECT

codestart 
*          0    00000000    00000002     
                  00000000    00000002     f28002x_codestartbranch.obj (codestart)

.TI.ramfunc 
*          0    00000128    00000004     
                  00000128    00000004     driverlib.lib : sysctl.obj (.TI.ramfunc)

.cinit     0    0000012c    00000020     
                  0000012c    0000000d     (.cinit..data.load) [load image, compression = lzss]
                  00000139    00000001     --HOLE-- [fill = 0]
                  0000013a    00000006     (__TI_handler_table)
                  00000140    00000004     (.cinit..bss.load) [load image, compression = zero_init]
                  00000144    00000008     (__TI_cinit_table)

.stack     0    00000400    00000200     UNINITIALIZED
                  00000400    00000200     --HOLE--

.init_array 
*          0    00000128    00000000     UNINITIALIZED

.const     0    0000a000    00000468     
                  0000a000    00000101     rts2800_fpu32_eabi.lib : ctype.c.obj (.const:.string:_ctypes_)
                  0000a101    00000001     --HOLE-- [fill = 0]
                  0000a102    0000009a     driverlib.lib : sysctl.obj (.const:.string)
                  0000a19c    00000098                   : gpio.obj (.const:.string)
                  0000a234    00000097                   : sci.obj (.const:.string)
                  0000a2cb    00000001     --HOLE-- [fill = 0]
                  0000a2cc    00000090     device.obj (.const:.string)
                  0000a35c    00000040     rts2800_fpu32_eabi.lib : strtod.c.obj (.const:digits)
                  0000a39c    0000003f     pwm.obj (.const:.string)
                  0000a3db    00000001     --HOLE-- [fill = 0]
                  0000a3dc    0000003e     uart.obj (.const:.string)
                  0000a41a    00000024     rts2800_fpu32_eabi.lib : strtod.c.obj (.const:powerof10)
                  0000a43e    00000002     --HOLE-- [fill = 0]
                  0000a440    0000001c                            : s_scalbn.c.obj (.const)
                  0000a45c    0000000c                            : strtod.c.obj (.const)

.bss       0    0000a468    00000014     UNINITIALIZED
                  0000a468    00000014     uart.obj (.bss:rxBuffer)

.data      0    0000a47c    00000012     UNINITIALIZED
                  0000a47c    00000002     rts2800_fpu32_eabi.lib : _lock.c.obj (.data:_lock)
                  0000a47e    00000002                            : _lock.c.obj (.data:_unlock)
                  0000a480    00000006     main.obj (.data)
                  0000a486    00000006     rts2800_fpu32_eabi.lib : exit.c.obj (.data)
                  0000a48c    00000001                            : errno.c.obj (.data)
                  0000a48d    00000001     uart.obj (.data)

.text.1    0    0000a48e    00000372     
                  0000a48e    00000065     driverlib.lib : sysctl.obj (.text:SysCtl_getClock)
                  0000a4f3    00000052                   : gpio.obj (.text:GPIO_setPadConfig)
                  0000a545    00000047                   : sysctl.obj (.text:SysCtl_selectOscSource)
                  0000a58c    00000046                   : sysctl.obj (.text:SysCtl_selectXTAL)
                  0000a5d2    00000045                   : sci.obj (.text:SCI_clearInterruptStatus)
                  0000a617    00000044     pwm.obj (.text:PWM_init)
                  0000a65b    00000040     device.obj (.text:Device_init)
                  0000a69b    00000040     pwm.obj (.text:EPWM_setActionQualifierAction)
                  0000a6db    00000040     driverlib.lib : sysctl.obj (.text:SysCtl_pollX1Counter)
                  0000a71b    0000003f     uart.obj (.text:UART_init)
                  0000a75a    0000003e     driverlib.lib : sci.obj (.text:SCI_setConfig)
                  0000a798    0000003d                   : interrupt.obj (.text:Interrupt_initModule)
                  0000a7d5    0000002b     rts2800_fpu32_eabi.lib : autoinit.c.obj (.text:__TI_auto_init_nobinit_nopinit)

.text.2    0    0000a800    000006cd     
                  0000a800    00000037     driverlib.lib : gpio.obj (.text:GPIO_setPinConfig)
                  0000a837    00000037                   : gpio.obj (.text:GPIO_setQualificationMode)
                  0000a86e    00000035     main.obj (.text:main)
                  0000a8a3    00000032     uart.obj (.text:UART_ReadFloat)
                  0000a8d5    00000031     driverlib.lib : gpio.obj (.text:GPIO_setDirectionMode)
                  0000a906    0000002e     rts2800_fpu32_eabi.lib : copy_decompress_lzss.c.obj (.text:decompress:lzss)
                  0000a934    0000002a                            : fd_cmp28.asm.obj (.text)
                  0000a95e    00000029                            : exit.c.obj (.text)
                  0000a987    00000027     device.obj (.text:CAN_selectClockSource)
                  0000a9ae    00000027     pwm.obj (.text:EPWM_isBaseValid)
                  0000a9d5    00000025     driverlib.lib : sysctl.obj (.text:SysCtl_selectXTALSingleEnded)
                  0000a9fa    00000024                   : sysctl.obj (.text:DCC_enableSingleShotMode)
                  0000aa1e    00000024     pwm.obj (.text:PWM_SetDuty)
                  0000aa42    00000024     rts2800_fpu32_eabi.lib : s_copysign.c.obj (.text)
                  0000aa66    00000023                            : fd_tofsfpu32.asm.obj (.text)
                  0000aa89    00000022     pwm.obj (.text:EPWM_setCounterCompareValue)
                  0000aaab    00000020     rts2800_fpu32_eabi.lib : memcpy.c.obj (.text)
                  0000aacb    0000001e     driverlib.lib : sysctl.obj (.text:DCC_setCounter0ClkSource)
                  0000aae9    0000001e                   : sysctl.obj (.text:DCC_setCounter1ClkSource)
                  0000ab07    0000001e                   : interrupt.obj (.text:Interrupt_initVectorTable)
                  0000ab25    0000001e     uart.obj (.text:SCI_readCharBlockingFIFO)
                  0000ab43    0000001c     pwm.obj (.text:EPWM_setClockPrescaler)
                  0000ab5f    0000001b     device.obj (.text:SysCtl_setCLBClkDivider)
                  0000ab7a    0000001a     driverlib.lib : sysctl.obj (.text:SysCtl_getLowSpeedClock)
                  0000ab94    00000019                   : sysctl.obj (.text:SysCtl_setPLLSysClk)
                  0000abad    00000018                   : sci.obj (.text:SCI_disableModule)
                  0000abc5    00000018                   : sci.obj (.text:SCI_performSoftwareReset)
                  0000abdd    00000018     uart.obj (.text:SCI_performSoftwareReset)
                  0000abf5    00000018     uart.obj (.text:SCI_resetChannels)
                  0000ac0d    00000018     pwm.obj (.text:SysCtl_disablePeripheral)
                  0000ac25    00000018     rts2800_fpu32_eabi.lib : ll_aox28.asm.obj (.text)
                  0000ac3d    00000017     driverlib.lib : sysctl.obj (.text:SysCtl_enablePeripheral)
                  0000ac54    00000017     pwm.obj (.text:SysCtl_enablePeripheral)
                  0000ac6b    00000017     rts2800_fpu32_eabi.lib : boot28.asm.obj (.text)
                  0000ac82    00000016     driverlib.lib : sysctl.obj (.text:DCC_disableDoneSignal)
                  0000ac98    00000016                   : interrupt.obj (.text:Interrupt_defaultHandler)
                  0000acae    00000015                   : sysctl.obj (.text:DCC_clearDoneFlag)
                  0000acc3    00000015                   : sysctl.obj (.text:DCC_clearErrorFlag)
                  0000acd8    00000015                   : sysctl.obj (.text:DCC_disableErrorSignal)
                  0000aced    00000015                   : sysctl.obj (.text:DCC_isBaseValid)
                  0000ad02    00000015     device.obj (.text:GPIO_unlockPortConfig)
                  0000ad17    00000014     driverlib.lib : sysctl.obj (.text:DCC_disableModule)
                  0000ad2b    00000014                   : sysctl.obj (.text:DCC_enableModule)
                  0000ad3f    00000014     pwm.obj (.text:EPWM_setTimeBaseCounterMode)
                  0000ad53    00000014     pwm.obj (.text:EPWM_setTimeBasePeriod)
                  0000ad67    00000014     driverlib.lib : gpio.obj (.text:GPIO_isPinValid)
                  0000ad7b    00000014     uart.obj (.text:SCI_getRxFIFOStatus)
                  0000ad8f    00000014     device.obj (.text:SysCtl_deviceCal)
                  0000ada3    00000013     driverlib.lib : sci.obj (.text:SCI_enableModule)
                  0000adb6    00000013     uart.obj (.text:SCI_enableModule)
                  0000adc9    00000012     pwm.obj (.text:EPWM_setTimeBaseCounter)
                  0000addb    00000012     rts2800_fpu32_eabi.lib : args_main.c.obj (.text)
                  0000aded    00000010     device.obj (.text:CAN_isBaseValid)
                  0000adfd    00000010     device.obj (.text:Device_initGPIO)
                  0000ae0d    00000010     uart.obj (.text:SCI_getRxStatus)
                  0000ae1d    0000000f     driverlib.lib : sci.obj (.text:SCI_isBaseValid)
                  0000ae2c    0000000f     uart.obj (.text:SCI_isBaseValid)
                  0000ae3b    0000000d     driverlib.lib : interrupt.obj (.text:Interrupt_disableGlobal)
                  0000ae48    0000000d     device.obj (.text:SysCtl_setLowSpeedClock)
                  0000ae55    0000000d     rts2800_fpu32_eabi.lib : copy_zero_init.c.obj (.text:decompress:ZI:__TI_zero_init_nomemset)
                  0000ae62    0000000b     device.obj (.text:SysCtl_disableWatchdog)
                  0000ae6d    0000000b     driverlib.lib : sysctl.obj (.text:SysCtl_isMCDClockFailureDetected)
                  0000ae78    0000000a                   : interrupt.obj (.text:Interrupt_illegalOperationHandler)
                  0000ae82    0000000a                   : interrupt.obj (.text:Interrupt_nmiHandler)
                  0000ae8c    00000009     rts2800_fpu32_eabi.lib : _lock.c.obj (.text)
                  0000ae95    00000009                            : fd_neg28.asm.obj (.text)
                  0000ae9e    00000008                            : copy_decompress_none.c.obj (.text:decompress:none)
                  0000aea6    00000008     f28002x_codestartbranch.obj (.text)
                  0000aeae    00000007     device.obj (.text:ASysCtl_lockVREG)
                  0000aeb5    00000007     driverlib.lib : sysctl.obj (.text:SysCtl_resetMCD)
                  0000aebc    00000007     device.obj (.text:__error__)
                  0000aec3    00000004     rts2800_fpu32_eabi.lib : atof.c.obj (.text)
                  0000aec7    00000003     device_cmd.obj (.text:CMD_init)
                  0000aeca    00000002     rts2800_fpu32_eabi.lib : pre_init.c.obj (.text)
                  0000aecc    00000001                            : startup.c.obj (.text)

.text.3    0    0000c000    000007f8     
                  0000c000    00000283     rts2800_fpu32_eabi.lib : strtod.c.obj (.text)
                  0000c283    00000123     driverlib.lib : sysctl.obj (.text:SysCtl_setClock)
                  0000c3a6    000000fe                   : sysctl.obj (.text:SysCtl_isPLLValid)
                  0000c4a4    000000a9     rts2800_fpu32_eabi.lib : s_scalbn.c.obj (.text)
                  0000c54d    0000009c                            : fd_add28.asm.obj (.text)
                  0000c5e9    0000008b                            : fd_div28.asm.obj (.text)
                  0000c674    00000088                            : fs_div28.asm.obj (.text)
                  0000c6fc    00000083                            : fd_mpy28.asm.obj (.text)
                  0000c77f    00000073     driverlib.lib : sysctl.obj (.text:DCC_setCounterSeeds)
                  0000c7f2    00000005     uart.obj (.text:UART_Available)
                  0000c7f7    00000001     device_cmd.obj (.text:generic_ram_lnk_init)

MODULE SUMMARY

       Module                        code   ro data   rw data
       ------                        ----   -------   -------
    .\
       pwm.obj                       374    63        0      
       uart.obj                      266    62        21     
       main.obj                      53     0         6      
       f28002x_codestartbranch.obj   10     0         0      
    +--+-----------------------------+------+---------+---------+
       Total:                        703    125       27     
                                                             
    .\syscfg\
       device.obj                    241    144       0      
       device_cmd.obj                4      0         0      
    +--+-----------------------------+------+---------+---------+
       Total:                        245    144       0      
                                                             
    C:/ti/C2000Ware_26_01_00_00/driverlib/f28002x/driverlib/ccs/Debug/driverlib.lib
       sysctl.obj                    1341   154       0      
       gpio.obj                      261    152       0      
       sci.obj                       213    151       0      
       interrupt.obj                 146    0         0      
    +--+-----------------------------+------+---------+---------+
       Total:                        1961   457       0      
                                                             
    C:\ti\ccs2100\ccs\tools\compiler\ti-cgt-c2000_25.11.1.LTS\lib\rts2800_fpu32_eabi.lib
       strtod.c.obj                  643    112       0      
       ctype.c.obj                   0      257       0      
       s_scalbn.c.obj                169    28        0      
       fd_add28.asm.obj              156    0         0      
       fd_div28.asm.obj              139    0         0      
       fs_div28.asm.obj              136    0         0      
       fd_mpy28.asm.obj              131    0         0      
       exit.c.obj                    41     0         6      
       copy_decompress_lzss.c.obj    46     0         0      
       autoinit.c.obj                43     0         0      
       fd_cmp28.asm.obj              42     0         0      
       s_copysign.c.obj              36     0         0      
       fd_tofsfpu32.asm.obj          35     0         0      
       memcpy.c.obj                  32     0         0      
       ll_aox28.asm.obj              24     0         0      
       boot28.asm.obj                23     0         0      
       args_main.c.obj               18     0         0      
       _lock.c.obj                   9      0         4      
       copy_zero_init.c.obj          13     0         0      
       fd_neg28.asm.obj              9      0         0      
       copy_decompress_none.c.obj    8      0         0      
       atof.c.obj                    4      0         0      
       pre_init.c.obj                2      0         0      
       errno.c.obj                   0      0         1      
       startup.c.obj                 1      0         0      
    +--+-----------------------------+------+---------+---------+
       Total:                        1760   397       11     
                                                             
       Stack:                        0      0         512    
       Linker Generated:             0      31        0      
    +--+-----------------------------+------+---------+---------+
       Grand Total:                  4669   1154      550    


LINKER GENERATED COPY TABLES

__TI_cinit_table @ 00000144 records: 2, size/record: 4, table size: 8
	.data: load addr=0000012c, load size=0000000d bytes, run addr=0000a47c, run size=00000012 bytes, compression=lzss
	.bss: load addr=00000140, load size=00000004 bytes, run addr=0000a468, run size=00000014 bytes, compression=zero_init


LINKER GENERATED HANDLER TABLE

__TI_handler_table @ 0000013a records: 3, size/record: 2, table size: 6
	index: 0, handler: __TI_zero_init
	index: 1, handler: __TI_decompress_lzss
	index: 2, handler: __TI_decompress_none


GLOBAL DATA SYMBOLS: SORTED BY DATA PAGE

address     data page           name
--------    ----------------    ----
00000400      10 (00000400)     __stack

0000a000     280 (0000a000)     _ctypes_

0000a47c     291 (0000a440)     _lock
0000a47e     291 (0000a440)     _unlock

0000a480     292 (0000a480)     Vin
0000a482     292 (0000a480)     Vout
0000a484     292 (0000a480)     Duty
0000a486     292 (0000a480)     __TI_enable_exit_profile_output
0000a488     292 (0000a480)     __TI_cleanup_ptr
0000a48a     292 (0000a480)     __TI_dtors_ptr
0000a48c     292 (0000a480)     errno


GLOBAL SYMBOLS: SORTED ALPHABETICALLY BY Name 

page  address   name                             
----  -------   ----                             
0     0000a95e  C$$EXIT                          
0     0000aec7  CMD_init                         
0     0000a65b  Device_init                      
0     0000adfd  Device_initGPIO                  
0     0000a484  Duty                             
0     0000a8d5  GPIO_setDirectionMode            
0     0000a4f3  GPIO_setPadConfig                
0     0000a800  GPIO_setPinConfig                
0     0000a837  GPIO_setQualificationMode        
0     0000ac98  Interrupt_defaultHandler         
0     0000ae78  Interrupt_illegalOperationHandler
0     0000a798  Interrupt_initModule             
0     0000ab07  Interrupt_initVectorTable        
0     0000ae82  Interrupt_nmiHandler             
0     0000aa1e  PWM_SetDuty                      
0     0000a617  PWM_init                         
0     0000a5d2  SCI_clearInterruptStatus         
0     0000a75a  SCI_setConfig                    
0     00000128  SysCtl_delay                     
0     0000a48e  SysCtl_getClock                  
0     0000ab7a  SysCtl_getLowSpeedClock          
0     0000c3a6  SysCtl_isPLLValid                
0     0000a545  SysCtl_selectOscSource           
0     0000a58c  SysCtl_selectXTAL                
0     0000a9d5  SysCtl_selectXTALSingleEnded     
0     0000c283  SysCtl_setClock                  
0     0000c7f2  UART_Available                   
0     0000a8a3  UART_ReadFloat                   
0     0000a71b  UART_init                        
0     0000a480  Vin                              
0     0000a482  Vout                             
0     00000144  __TI_CINIT_Base                  
0     0000014c  __TI_CINIT_Limit                 
0     0000014c  __TI_CINIT_Warm                  
0     0000013a  __TI_Handler_Table_Base          
0     00000140  __TI_Handler_Table_Limit         
0     00000600  __TI_STACK_END                   
abs   00000200  __TI_STACK_SIZE                  
0     0000a7d5  __TI_auto_init_nobinit_nopinit   
0     0000a488  __TI_cleanup_ptr                 
0     0000a906  __TI_decompress_lzss             
0     0000ae9e  __TI_decompress_none             
0     0000a48a  __TI_dtors_ptr                   
0     0000a486  __TI_enable_exit_profile_output  
abs   ffffffff  __TI_pprof_out_hndl              
abs   ffffffff  __TI_prof_data_size              
abs   ffffffff  __TI_prof_data_start             
0     0000ae55  __TI_zero_init_nomemset          
0     0000c54d  __c28xabi_addd                   
0     0000ac25  __c28xabi_andll                  
0     0000a934  __c28xabi_cmpd                   
0     0000c5e9  __c28xabi_divd                   
0     0000c674  __c28xabi_divf                   
0     0000aa66  __c28xabi_dtof                   
0     0000c6fc  __c28xabi_mpyd                   
0     0000ae95  __c28xabi_negd                   
0     0000ac2d  __c28xabi_orll                   
0     0000ac35  __c28xabi_xorll                  
abs   ffffffff  __c_args__                       
0     0000aebc  __error__                        
0     00000400  __stack                          
0     0000addb  _args_main                       
0     0000ac6b  _c_int00                         
0     0000a000  _ctypes_                         
0     0000a47c  _lock                            
0     0000ae94  _nop                             
0     0000ae90  _register_lock                   
0     0000ae8c  _register_unlock                 
0     0000aecc  _system_post_cinit               
0     0000aeca  _system_pre_init                 
0     0000a47e  _unlock                          
0     0000a95e  abort                            
0     0000aec3  atof                             
0     00000000  code_start                       
0     0000aa42  copysign                         
0     0000aa42  copysignl                        
0     0000a48c  errno                            
0     0000a960  exit                             
0     0000c7f7  generic_ram_lnk_init             
0     0000c4a4  ldexp                            
0     0000c4a4  ldexpl                           
0     0000a86e  main                             
0     0000aaab  memcpy                           
0     0000c4a4  scalbn                           
0     0000c4a4  scalbnl                          
0     0000c000  strtod                           
0     0000c000  strtold                          


GLOBAL SYMBOLS: SORTED BY Symbol Address 

page  address   name                             
----  -------   ----                             
0     00000000  code_start                       
0     00000128  SysCtl_delay                     
0     0000013a  __TI_Handler_Table_Base          
0     00000140  __TI_Handler_Table_Limit         
0     00000144  __TI_CINIT_Base                  
0     0000014c  __TI_CINIT_Limit                 
0     0000014c  __TI_CINIT_Warm                  
0     00000400  __stack                          
0     00000600  __TI_STACK_END                   
0     0000a000  _ctypes_                         
0     0000a47c  _lock                            
0     0000a47e  _unlock                          
0     0000a480  Vin                              
0     0000a482  Vout                             
0     0000a484  Duty                             
0     0000a486  __TI_enable_exit_profile_output  
0     0000a488  __TI_cleanup_ptr                 
0     0000a48a  __TI_dtors_ptr                   
0     0000a48c  errno                            
0     0000a48e  SysCtl_getClock                  
0     0000a4f3  GPIO_setPadConfig                
0     0000a545  SysCtl_selectOscSource           
0     0000a58c  SysCtl_selectXTAL                
0     0000a5d2  SCI_clearInterruptStatus         
0     0000a617  PWM_init                         
0     0000a65b  Device_init                      
0     0000a71b  UART_init                        
0     0000a75a  SCI_setConfig                    
0     0000a798  Interrupt_initModule             
0     0000a7d5  __TI_auto_init_nobinit_nopinit   
0     0000a800  GPIO_setPinConfig                
0     0000a837  GPIO_setQualificationMode        
0     0000a86e  main                             
0     0000a8a3  UART_ReadFloat                   
0     0000a8d5  GPIO_setDirectionMode            
0     0000a906  __TI_decompress_lzss             
0     0000a934  __c28xabi_cmpd                   
0     0000a95e  C$$EXIT                          
0     0000a95e  abort                            
0     0000a960  exit                             
0     0000a9d5  SysCtl_selectXTALSingleEnded     
0     0000aa1e  PWM_SetDuty                      
0     0000aa42  copysign                         
0     0000aa42  copysignl                        
0     0000aa66  __c28xabi_dtof                   
0     0000aaab  memcpy                           
0     0000ab07  Interrupt_initVectorTable        
0     0000ab7a  SysCtl_getLowSpeedClock          
0     0000ac25  __c28xabi_andll                  
0     0000ac2d  __c28xabi_orll                   
0     0000ac35  __c28xabi_xorll                  
0     0000ac6b  _c_int00                         
0     0000ac98  Interrupt_defaultHandler         
0     0000addb  _args_main                       
0     0000adfd  Device_initGPIO                  
0     0000ae55  __TI_zero_init_nomemset          
0     0000ae78  Interrupt_illegalOperationHandler
0     0000ae82  Interrupt_nmiHandler             
0     0000ae8c  _register_unlock                 
0     0000ae90  _register_lock                   
0     0000ae94  _nop                             
0     0000ae95  __c28xabi_negd                   
0     0000ae9e  __TI_decompress_none             
0     0000aebc  __error__                        
0     0000aec3  atof                             
0     0000aec7  CMD_init                         
0     0000aeca  _system_pre_init                 
0     0000aecc  _system_post_cinit               
0     0000c000  strtod                           
0     0000c000  strtold                          
0     0000c283  SysCtl_setClock                  
0     0000c3a6  SysCtl_isPLLValid                
0     0000c4a4  ldexp                            
0     0000c4a4  ldexpl                           
0     0000c4a4  scalbn                           
0     0000c4a4  scalbnl                          
0     0000c54d  __c28xabi_addd                   
0     0000c5e9  __c28xabi_divd                   
0     0000c674  __c28xabi_divf                   
0     0000c6fc  __c28xabi_mpyd                   
0     0000c7f2  UART_Available                   
0     0000c7f7  generic_ram_lnk_init             
abs   00000200  __TI_STACK_SIZE                  
abs   ffffffff  __TI_pprof_out_hndl              
abs   ffffffff  __TI_prof_data_size              
abs   ffffffff  __TI_prof_data_start             
abs   ffffffff  __c_args__                       

[87 symbols]
